Sender: LSF System <lsfadmin@lg07c08>
Subject: Job 226054490: <count_all_clones_IGK_unmutated_unproductive> in cluster <chimera> Done

Job <count_all_clones_IGK_unmutated_unproductive> was submitted from host <li04e02> by user <hiciaf01> in cluster <chimera> at Fri Jan 16 14:18:58 2026
Job was executed on host(s) <lg07c08>, in queue <express>, as user <hiciaf01> in cluster <chimera> at Fri Jan 16 14:18:59 2026
</hpc/users/hiciaf01> was used as the home directory.
</sc/arion/work/hiciaf01/projects/cdr3/results/2025-11-06_light_chain_changeos> was used as the working directory.
Started at Fri Jan 16 14:18:59 2026
Terminated at Fri Jan 16 14:19:02 2026
Results reported at Fri Jan 16 14:19:02 2026

Your job looked like:

------------------------------------------------------------
# LSBATCH: User input
module load R; Rscript /sc/arion/work/hiciaf01/projects/cdr3/results/2025-11-06_light_chain_changeos//R/count_clones.R all /sc/arion/scratch/hiciaf01/projects/cdr3/data/2025-11-06_light_chain_changeos//changeo/IGK/master_changeo_unmutated_500_seqs_filtered_unproductive.tsv /sc/arion/work/hiciaf01/projects/cdr3/results/2025-11-06_light_chain_changeos//R/count_clones/clone_counts_IGK_unmutated_unproductive.tsv
------------------------------------------------------------

Successfully completed.

Resource usage summary:

    CPU time :                                   1.73 sec.
    Max Memory :                                 15 MB
    Average Memory :                             11.75 MB
    Total Requested Memory :                     16000.00 MB
    Delta Memory :                               15985.00 MB
    Max Swap :                                   -
    Max Processes :                              3
    Max Threads :                                4
    Run time :                                   3 sec.
    Turnaround time :                            4 sec.

The output (if any) follows:



PS:

Read file </sc/arion/work/hiciaf01/projects/cdr3/results/2025-11-06_light_chain_changeos/R/count_clones/logs/count_all_clones_IGK_unmutated_unproductive.err> for stderr output of this job.

