Sender: LSF System <lsfadmin@lg07c05>
Subject: Job 225978419: <count_clones_IGL_mutated_unproductive> in cluster <chimera> Done

Job <count_clones_IGL_mutated_unproductive> was submitted from host <li04e01> by user <hiciaf01> in cluster <chimera> at Wed Jan 14 14:11:25 2026
Job was executed on host(s) <4*lg07c05>, in queue <express>, as user <hiciaf01> in cluster <chimera> at Wed Jan 14 14:11:29 2026
</hpc/users/hiciaf01> was used as the home directory.
</sc/arion/work/hiciaf01/projects/cdr3/results/2025-11-06_light_chain_changeos> was used as the working directory.
Started at Wed Jan 14 14:11:29 2026
Terminated at Wed Jan 14 14:11:40 2026
Results reported at Wed Jan 14 14:11:40 2026

Your job looked like:

------------------------------------------------------------
# LSBATCH: User input
module load R; Rscript /sc/arion/work/hiciaf01/projects/cdr3/results/2025-11-06_light_chain_changeos/R/count_clones.R /sc/arion/scratch/hiciaf01/projects/cdr3/data/2025-11-06_light_chain_changeos/changeo/IGL/master_changeo_mutated_500_seqs_filtered_unproductive.tsv /sc/arion/work/hiciaf01/projects/cdr3/results/2025-11-06_light_chain_changeos/R/count_clones
------------------------------------------------------------

Successfully completed.

Resource usage summary:

    CPU time :                                   9.50 sec.
    Max Memory :                                 343 MB
    Average Memory :                             216.14 MB
    Total Requested Memory :                     32000.00 MB
    Delta Memory :                               31657.00 MB
    Max Swap :                                   -
    Max Processes :                              3
    Max Threads :                                5
    Run time :                                   11 sec.
    Turnaround time :                            15 sec.

The output (if any) follows:



PS:

Read file </sc/arion/work/hiciaf01/projects/cdr3/results/2025-11-06_light_chain_changeos/R/count_clones/count_clones_IGL_mutated_unproductive.err> for stderr output of this job.

Sender: LSF System <lsfadmin@lh06c06>
Subject: Job 225979532: <count_clones_IGL_mutated_unproductive> in cluster <chimera> Done

Job <count_clones_IGL_mutated_unproductive> was submitted from host <li04e01> by user <hiciaf01> in cluster <chimera> at Wed Jan 14 14:35:21 2026
Job was executed on host(s) <lh06c06>, in queue <express>, as user <hiciaf01> in cluster <chimera> at Wed Jan 14 14:35:25 2026
</hpc/users/hiciaf01> was used as the home directory.
</sc/arion/work/hiciaf01/projects/cdr3/results/2025-11-06_light_chain_changeos> was used as the working directory.
Started at Wed Jan 14 14:35:25 2026
Terminated at Wed Jan 14 14:35:36 2026
Results reported at Wed Jan 14 14:35:36 2026

Your job looked like:

------------------------------------------------------------
# LSBATCH: User input
module load R; Rscript /sc/arion/work/hiciaf01/projects/cdr3/results/2025-11-06_light_chain_changeos/R/count_clones.R /sc/arion/scratch/hiciaf01/projects/cdr3/data/2025-11-06_light_chain_changeos/changeo/IGL/master_changeo_mutated_500_seqs_filtered_unproductive.tsv /sc/arion/work/hiciaf01/projects/cdr3/results/2025-11-06_light_chain_changeos/R/count_clones/clone_counts_IGL_mutated_unproductive.tsv
------------------------------------------------------------

Successfully completed.

Resource usage summary:

    CPU time :                                   11.11 sec.
    Max Memory :                                 382 MB
    Average Memory :                             240.75 MB
    Total Requested Memory :                     8000.00 MB
    Delta Memory :                               7618.00 MB
    Max Swap :                                   -
    Max Processes :                              3
    Max Threads :                                5
    Run time :                                   11 sec.
    Turnaround time :                            15 sec.

The output (if any) follows:



PS:

Read file </sc/arion/work/hiciaf01/projects/cdr3/results/2025-11-06_light_chain_changeos/R/count_clones/count_clones_IGL_mutated_unproductive.err> for stderr output of this job.

Sender: LSF System <lsfadmin@lh06c17>
Subject: Job 225980209: <count_clones_IGL_mutated_unproductive> in cluster <chimera> Done

Job <count_clones_IGL_mutated_unproductive> was submitted from host <li04e01> by user <hiciaf01> in cluster <chimera> at Wed Jan 14 14:48:30 2026
Job was executed on host(s) <lh06c17>, in queue <express>, as user <hiciaf01> in cluster <chimera> at Wed Jan 14 14:48:34 2026
</hpc/users/hiciaf01> was used as the home directory.
</sc/arion/work/hiciaf01/projects/cdr3/results/2025-11-06_light_chain_changeos> was used as the working directory.
Started at Wed Jan 14 14:48:34 2026
Terminated at Wed Jan 14 14:48:45 2026
Results reported at Wed Jan 14 14:48:45 2026

Your job looked like:

------------------------------------------------------------
# LSBATCH: User input
module load R; Rscript /sc/arion/work/hiciaf01/projects/cdr3/results/2025-11-06_light_chain_changeos/R/count_clones.R /sc/arion/scratch/hiciaf01/projects/cdr3/data/2025-11-06_light_chain_changeos/changeo/IGL/master_changeo_mutated_500_seqs_filtered_unproductive.tsv /sc/arion/work/hiciaf01/projects/cdr3/results/2025-11-06_light_chain_changeos/R/count_clones/clone_counts_IGL_mutated_unproductive.tsv
------------------------------------------------------------

Successfully completed.

Resource usage summary:

    CPU time :                                   10.60 sec.
    Max Memory :                                 381 MB
    Average Memory :                             242.38 MB
    Total Requested Memory :                     16000.00 MB
    Delta Memory :                               15619.00 MB
    Max Swap :                                   -
    Max Processes :                              3
    Max Threads :                                5
    Run time :                                   11 sec.
    Turnaround time :                            15 sec.

The output (if any) follows:



PS:

Read file </sc/arion/work/hiciaf01/projects/cdr3/results/2025-11-06_light_chain_changeos/R/count_clones/count_clones_IGL_mutated_unproductive.err> for stderr output of this job.

Sender: LSF System <lsfadmin@lh06c10>
Subject: Job 225986536: <count_clones_IGL_mutated_unproductive> in cluster <chimera> Done

Job <count_clones_IGL_mutated_unproductive> was submitted from host <li04e01> by user <hiciaf01> in cluster <chimera> at Wed Jan 14 16:36:30 2026
Job was executed on host(s) <lh06c10>, in queue <express>, as user <hiciaf01> in cluster <chimera> at Wed Jan 14 16:36:34 2026
</hpc/users/hiciaf01> was used as the home directory.
</sc/arion/work/hiciaf01/projects/cdr3/results/2025-11-06_light_chain_changeos> was used as the working directory.
Started at Wed Jan 14 16:36:34 2026
Terminated at Wed Jan 14 16:36:45 2026
Results reported at Wed Jan 14 16:36:45 2026

Your job looked like:

------------------------------------------------------------
# LSBATCH: User input
module load R; Rscript /sc/arion/work/hiciaf01/projects/cdr3/results/2025-11-06_light_chain_changeos//R/count_clones.R /sc/arion/scratch/hiciaf01/projects/cdr3/data/2025-11-06_light_chain_changeos//changeo/IGL/master_changeo_mutated_500_seqs_filtered_unproductive.tsv /sc/arion/work/hiciaf01/projects/cdr3/results/2025-11-06_light_chain_changeos//R/count_clones/clone_counts_IGL_mutated_unproductive.tsv
------------------------------------------------------------

Successfully completed.

Resource usage summary:

    CPU time :                                   10.45 sec.
    Max Memory :                                 380 MB
    Average Memory :                             241.25 MB
    Total Requested Memory :                     16000.00 MB
    Delta Memory :                               15620.00 MB
    Max Swap :                                   -
    Max Processes :                              3
    Max Threads :                                5
    Run time :                                   11 sec.
    Turnaround time :                            15 sec.

The output (if any) follows:



PS:

Read file </sc/arion/work/hiciaf01/projects/cdr3/results/2025-11-06_light_chain_changeos/R/count_clones/logs/count_clones_IGL_mutated_unproductive.err> for stderr output of this job.

