Sender: LSF System <lsfadmin@lg07c05>
Subject: Job 225978421: <count_clones_IGL_unmutated_unproductive> in cluster <chimera> Done

Job <count_clones_IGL_unmutated_unproductive> was submitted from host <li04e01> by user <hiciaf01> in cluster <chimera> at Wed Jan 14 14:11:25 2026
Job was executed on host(s) <4*lg07c05>, in queue <express>, as user <hiciaf01> in cluster <chimera> at Wed Jan 14 14:11:29 2026
</hpc/users/hiciaf01> was used as the home directory.
</sc/arion/work/hiciaf01/projects/cdr3/results/2025-11-06_light_chain_changeos> was used as the working directory.
Started at Wed Jan 14 14:11:29 2026
Terminated at Wed Jan 14 14:11:36 2026
Results reported at Wed Jan 14 14:11:36 2026

Your job looked like:

------------------------------------------------------------
# LSBATCH: User input
module load R; Rscript /sc/arion/work/hiciaf01/projects/cdr3/results/2025-11-06_light_chain_changeos/R/count_clones.R /sc/arion/scratch/hiciaf01/projects/cdr3/data/2025-11-06_light_chain_changeos/changeo/IGL/master_changeo_unmutated_500_seqs_filtered_unproductive.tsv /sc/arion/work/hiciaf01/projects/cdr3/results/2025-11-06_light_chain_changeos/R/count_clones
------------------------------------------------------------

Successfully completed.

Resource usage summary:

    CPU time :                                   5.37 sec.
    Max Memory :                                 163 MB
    Average Memory :                             118.80 MB
    Total Requested Memory :                     32000.00 MB
    Delta Memory :                               31837.00 MB
    Max Swap :                                   -
    Max Processes :                              3
    Max Threads :                                5
    Run time :                                   7 sec.
    Turnaround time :                            11 sec.

The output (if any) follows:



PS:

Read file </sc/arion/work/hiciaf01/projects/cdr3/results/2025-11-06_light_chain_changeos/R/count_clones/count_clones_IGL_unmutated_unproductive.err> for stderr output of this job.

Sender: LSF System <lsfadmin@lh06c06>
Subject: Job 225979537: <count_clones_IGL_unmutated_unproductive> in cluster <chimera> Done

Job <count_clones_IGL_unmutated_unproductive> was submitted from host <li04e01> by user <hiciaf01> in cluster <chimera> at Wed Jan 14 14:35:21 2026
Job was executed on host(s) <lh06c06>, in queue <express>, as user <hiciaf01> in cluster <chimera> at Wed Jan 14 14:35:25 2026
</hpc/users/hiciaf01> was used as the home directory.
</sc/arion/work/hiciaf01/projects/cdr3/results/2025-11-06_light_chain_changeos> was used as the working directory.
Started at Wed Jan 14 14:35:25 2026
Terminated at Wed Jan 14 14:35:31 2026
Results reported at Wed Jan 14 14:35:31 2026

Your job looked like:

------------------------------------------------------------
# LSBATCH: User input
module load R; Rscript /sc/arion/work/hiciaf01/projects/cdr3/results/2025-11-06_light_chain_changeos/R/count_clones.R /sc/arion/scratch/hiciaf01/projects/cdr3/data/2025-11-06_light_chain_changeos/changeo/IGL/master_changeo_unmutated_500_seqs_filtered_unproductive.tsv /sc/arion/work/hiciaf01/projects/cdr3/results/2025-11-06_light_chain_changeos/R/count_clones/clone_counts_IGL_unmutated_unproductive.tsv
------------------------------------------------------------

Successfully completed.

Resource usage summary:

    CPU time :                                   6.06 sec.
    Max Memory :                                 162 MB
    Average Memory :                             117.00 MB
    Total Requested Memory :                     8000.00 MB
    Delta Memory :                               7838.00 MB
    Max Swap :                                   -
    Max Processes :                              3
    Max Threads :                                5
    Run time :                                   6 sec.
    Turnaround time :                            10 sec.

The output (if any) follows:



PS:

Read file </sc/arion/work/hiciaf01/projects/cdr3/results/2025-11-06_light_chain_changeos/R/count_clones/count_clones_IGL_unmutated_unproductive.err> for stderr output of this job.

Sender: LSF System <lsfadmin@lh06c05>
Subject: Job 225980211: <count_clones_IGL_unmutated_unproductive> in cluster <chimera> Done

Job <count_clones_IGL_unmutated_unproductive> was submitted from host <li04e01> by user <hiciaf01> in cluster <chimera> at Wed Jan 14 14:48:30 2026
Job was executed on host(s) <lh06c05>, in queue <express>, as user <hiciaf01> in cluster <chimera> at Wed Jan 14 14:48:34 2026
</hpc/users/hiciaf01> was used as the home directory.
</sc/arion/work/hiciaf01/projects/cdr3/results/2025-11-06_light_chain_changeos> was used as the working directory.
Started at Wed Jan 14 14:48:34 2026
Terminated at Wed Jan 14 14:48:40 2026
Results reported at Wed Jan 14 14:48:40 2026

Your job looked like:

------------------------------------------------------------
# LSBATCH: User input
module load R; Rscript /sc/arion/work/hiciaf01/projects/cdr3/results/2025-11-06_light_chain_changeos/R/count_clones.R /sc/arion/scratch/hiciaf01/projects/cdr3/data/2025-11-06_light_chain_changeos/changeo/IGL/master_changeo_unmutated_500_seqs_filtered_unproductive.tsv /sc/arion/work/hiciaf01/projects/cdr3/results/2025-11-06_light_chain_changeos/R/count_clones/clone_counts_IGL_unmutated_unproductive.tsv
------------------------------------------------------------

Successfully completed.

Resource usage summary:

    CPU time :                                   5.40 sec.
    Max Memory :                                 162 MB
    Average Memory :                             115.80 MB
    Total Requested Memory :                     16000.00 MB
    Delta Memory :                               15838.00 MB
    Max Swap :                                   -
    Max Processes :                              3
    Max Threads :                                5
    Run time :                                   6 sec.
    Turnaround time :                            10 sec.

The output (if any) follows:



PS:

Read file </sc/arion/work/hiciaf01/projects/cdr3/results/2025-11-06_light_chain_changeos/R/count_clones/count_clones_IGL_unmutated_unproductive.err> for stderr output of this job.

Sender: LSF System <lsfadmin@lh06c20>
Subject: Job 225986539: <count_clones_IGL_unmutated_unproductive> in cluster <chimera> Done

Job <count_clones_IGL_unmutated_unproductive> was submitted from host <li04e01> by user <hiciaf01> in cluster <chimera> at Wed Jan 14 16:36:31 2026
Job was executed on host(s) <lh06c20>, in queue <express>, as user <hiciaf01> in cluster <chimera> at Wed Jan 14 16:36:34 2026
</hpc/users/hiciaf01> was used as the home directory.
</sc/arion/work/hiciaf01/projects/cdr3/results/2025-11-06_light_chain_changeos> was used as the working directory.
Started at Wed Jan 14 16:36:34 2026
Terminated at Wed Jan 14 16:36:41 2026
Results reported at Wed Jan 14 16:36:41 2026

Your job looked like:

------------------------------------------------------------
# LSBATCH: User input
module load R; Rscript /sc/arion/work/hiciaf01/projects/cdr3/results/2025-11-06_light_chain_changeos//R/count_clones.R /sc/arion/scratch/hiciaf01/projects/cdr3/data/2025-11-06_light_chain_changeos//changeo/IGL/master_changeo_unmutated_500_seqs_filtered_unproductive.tsv /sc/arion/work/hiciaf01/projects/cdr3/results/2025-11-06_light_chain_changeos//R/count_clones/clone_counts_IGL_unmutated_unproductive.tsv
------------------------------------------------------------

Successfully completed.

Resource usage summary:

    CPU time :                                   5.89 sec.
    Max Memory :                                 174 MB
    Average Memory :                             121.33 MB
    Total Requested Memory :                     16000.00 MB
    Delta Memory :                               15826.00 MB
    Max Swap :                                   -
    Max Processes :                              3
    Max Threads :                                5
    Run time :                                   7 sec.
    Turnaround time :                            10 sec.

The output (if any) follows:



PS:

Read file </sc/arion/work/hiciaf01/projects/cdr3/results/2025-11-06_light_chain_changeos/R/count_clones/logs/count_clones_IGL_unmutated_unproductive.err> for stderr output of this job.

Sender: LSF System <lsfadmin@lh06c12>
Subject: Job 226057421: <count_clones_IGL_unmutated_unproductive> in cluster <chimera> Exited

Job <count_clones_IGL_unmutated_unproductive> was submitted from host <li04e02> by user <hiciaf01> in cluster <chimera> at Fri Jan 16 15:39:19 2026
Job was executed on host(s) <lh06c12>, in queue <express>, as user <hiciaf01> in cluster <chimera> at Fri Jan 16 15:39:23 2026
</hpc/users/hiciaf01> was used as the home directory.
</sc/arion/work/hiciaf01/projects/cdr3/results/2025-11-06_light_chain_changeos> was used as the working directory.
Started at Fri Jan 16 15:39:23 2026
Terminated at Fri Jan 16 15:39:25 2026
Results reported at Fri Jan 16 15:39:25 2026

Your job looked like:

------------------------------------------------------------
# LSBATCH: User input
module load R; Rscript /sc/arion/work/hiciaf01/projects/cdr3/results/2025-11-06_light_chain_changeos//R/count_clones.R distinct /sc/arion/scratch/hiciaf01/projects/cdr3/data/2025-11-06_light_chain_changeos//changeo/IGL/master_changeo_unmutated_500_seqs_filtered_unproductive.tsv /sc/arion/work/hiciaf01/projects/cdr3/results/2025-11-06_light_chain_changeos//R/count_clones/clone_counts_IGL_unmutated_unproductive.tsv
------------------------------------------------------------

Exited with exit code 1.

Resource usage summary:

    CPU time :                                   1.79 sec.
    Max Memory :                                 11 MB
    Average Memory :                             11.00 MB
    Total Requested Memory :                     16000.00 MB
    Delta Memory :                               15989.00 MB
    Max Swap :                                   -
    Max Processes :                              3
    Max Threads :                                4
    Run time :                                   2 sec.
    Turnaround time :                            6 sec.

The output (if any) follows:



PS:

Read file </sc/arion/work/hiciaf01/projects/cdr3/results/2025-11-06_light_chain_changeos/R/count_clones/logs/count_clones_IGL_unmutated_unproductive.err> for stderr output of this job.

