Sender: LSF System <lsfadmin@lg07c05>
Subject: Job 225978420: <count_clones_IGL_unmutated_productive> in cluster <chimera> Done

Job <count_clones_IGL_unmutated_productive> was submitted from host <li04e01> by user <hiciaf01> in cluster <chimera> at Wed Jan 14 14:11:25 2026
Job was executed on host(s) <4*lg07c05>, in queue <express>, as user <hiciaf01> in cluster <chimera> at Wed Jan 14 14:11:29 2026
</hpc/users/hiciaf01> was used as the home directory.
</sc/arion/work/hiciaf01/projects/cdr3/results/2025-11-06_light_chain_changeos> was used as the working directory.
Started at Wed Jan 14 14:11:29 2026
Terminated at Wed Jan 14 14:12:10 2026
Results reported at Wed Jan 14 14:12:10 2026

Your job looked like:

------------------------------------------------------------
# LSBATCH: User input
module load R; Rscript /sc/arion/work/hiciaf01/projects/cdr3/results/2025-11-06_light_chain_changeos/R/count_clones.R /sc/arion/scratch/hiciaf01/projects/cdr3/data/2025-11-06_light_chain_changeos/changeo/IGL/master_changeo_unmutated_500_seqs_filtered_productive.tsv /sc/arion/work/hiciaf01/projects/cdr3/results/2025-11-06_light_chain_changeos/R/count_clones
------------------------------------------------------------

Successfully completed.

Resource usage summary:

    CPU time :                                   39.90 sec.
    Max Memory :                                 1540 MB
    Average Memory :                             644.61 MB
    Total Requested Memory :                     32000.00 MB
    Delta Memory :                               30460.00 MB
    Max Swap :                                   -
    Max Processes :                              3
    Max Threads :                                5
    Run time :                                   41 sec.
    Turnaround time :                            45 sec.

The output (if any) follows:



PS:

Read file </sc/arion/work/hiciaf01/projects/cdr3/results/2025-11-06_light_chain_changeos/R/count_clones/count_clones_IGL_unmutated_productive.err> for stderr output of this job.

Sender: LSF System <lsfadmin@lh06c06>
Subject: Job 225979535: <count_clones_IGL_unmutated_productive> in cluster <chimera> Done

Job <count_clones_IGL_unmutated_productive> was submitted from host <li04e01> by user <hiciaf01> in cluster <chimera> at Wed Jan 14 14:35:21 2026
Job was executed on host(s) <lh06c06>, in queue <express>, as user <hiciaf01> in cluster <chimera> at Wed Jan 14 14:35:25 2026
</hpc/users/hiciaf01> was used as the home directory.
</sc/arion/work/hiciaf01/projects/cdr3/results/2025-11-06_light_chain_changeos> was used as the working directory.
Started at Wed Jan 14 14:35:25 2026
Terminated at Wed Jan 14 14:36:11 2026
Results reported at Wed Jan 14 14:36:11 2026

Your job looked like:

------------------------------------------------------------
# LSBATCH: User input
module load R; Rscript /sc/arion/work/hiciaf01/projects/cdr3/results/2025-11-06_light_chain_changeos/R/count_clones.R /sc/arion/scratch/hiciaf01/projects/cdr3/data/2025-11-06_light_chain_changeos/changeo/IGL/master_changeo_unmutated_500_seqs_filtered_productive.tsv /sc/arion/work/hiciaf01/projects/cdr3/results/2025-11-06_light_chain_changeos/R/count_clones/clone_counts_IGL_unmutated_productive.tsv
------------------------------------------------------------

Successfully completed.

Resource usage summary:

    CPU time :                                   45.20 sec.
    Max Memory :                                 1476 MB
    Average Memory :                             630.04 MB
    Total Requested Memory :                     8000.00 MB
    Delta Memory :                               6524.00 MB
    Max Swap :                                   -
    Max Processes :                              3
    Max Threads :                                5
    Run time :                                   46 sec.
    Turnaround time :                            50 sec.

The output (if any) follows:



PS:

Read file </sc/arion/work/hiciaf01/projects/cdr3/results/2025-11-06_light_chain_changeos/R/count_clones/count_clones_IGL_unmutated_productive.err> for stderr output of this job.

Sender: LSF System <lsfadmin@lc07e54>
Subject: Job 225980210: <count_clones_IGL_unmutated_productive> in cluster <chimera> Done

Job <count_clones_IGL_unmutated_productive> was submitted from host <li04e01> by user <hiciaf01> in cluster <chimera> at Wed Jan 14 14:48:30 2026
Job was executed on host(s) <lc07e54>, in queue <express>, as user <hiciaf01> in cluster <chimera> at Wed Jan 14 14:48:34 2026
</hpc/users/hiciaf01> was used as the home directory.
</sc/arion/work/hiciaf01/projects/cdr3/results/2025-11-06_light_chain_changeos> was used as the working directory.
Started at Wed Jan 14 14:48:34 2026
Terminated at Wed Jan 14 14:49:07 2026
Results reported at Wed Jan 14 14:49:07 2026

Your job looked like:

------------------------------------------------------------
# LSBATCH: User input
module load R; Rscript /sc/arion/work/hiciaf01/projects/cdr3/results/2025-11-06_light_chain_changeos/R/count_clones.R /sc/arion/scratch/hiciaf01/projects/cdr3/data/2025-11-06_light_chain_changeos/changeo/IGL/master_changeo_unmutated_500_seqs_filtered_productive.tsv /sc/arion/work/hiciaf01/projects/cdr3/results/2025-11-06_light_chain_changeos/R/count_clones/clone_counts_IGL_unmutated_productive.tsv
------------------------------------------------------------

Successfully completed.

Resource usage summary:

    CPU time :                                   32.31 sec.
    Max Memory :                                 1546 MB
    Average Memory :                             669.84 MB
    Total Requested Memory :                     16000.00 MB
    Delta Memory :                               14454.00 MB
    Max Swap :                                   -
    Max Processes :                              3
    Max Threads :                                5
    Run time :                                   33 sec.
    Turnaround time :                            37 sec.

The output (if any) follows:



PS:

Read file </sc/arion/work/hiciaf01/projects/cdr3/results/2025-11-06_light_chain_changeos/R/count_clones/count_clones_IGL_unmutated_productive.err> for stderr output of this job.

Sender: LSF System <lsfadmin@lh06c20>
Subject: Job 225986538: <count_clones_IGL_unmutated_productive> in cluster <chimera> Done

Job <count_clones_IGL_unmutated_productive> was submitted from host <li04e01> by user <hiciaf01> in cluster <chimera> at Wed Jan 14 16:36:31 2026
Job was executed on host(s) <lh06c20>, in queue <express>, as user <hiciaf01> in cluster <chimera> at Wed Jan 14 16:36:34 2026
</hpc/users/hiciaf01> was used as the home directory.
</sc/arion/work/hiciaf01/projects/cdr3/results/2025-11-06_light_chain_changeos> was used as the working directory.
Started at Wed Jan 14 16:36:34 2026
Terminated at Wed Jan 14 16:37:18 2026
Results reported at Wed Jan 14 16:37:18 2026

Your job looked like:

------------------------------------------------------------
# LSBATCH: User input
module load R; Rscript /sc/arion/work/hiciaf01/projects/cdr3/results/2025-11-06_light_chain_changeos//R/count_clones.R /sc/arion/scratch/hiciaf01/projects/cdr3/data/2025-11-06_light_chain_changeos//changeo/IGL/master_changeo_unmutated_500_seqs_filtered_productive.tsv /sc/arion/work/hiciaf01/projects/cdr3/results/2025-11-06_light_chain_changeos//R/count_clones/clone_counts_IGL_unmutated_productive.tsv
------------------------------------------------------------

Successfully completed.

Resource usage summary:

    CPU time :                                   43.05 sec.
    Max Memory :                                 1478 MB
    Average Memory :                             629.04 MB
    Total Requested Memory :                     16000.00 MB
    Delta Memory :                               14522.00 MB
    Max Swap :                                   -
    Max Processes :                              3
    Max Threads :                                5
    Run time :                                   44 sec.
    Turnaround time :                            47 sec.

The output (if any) follows:



PS:

Read file </sc/arion/work/hiciaf01/projects/cdr3/results/2025-11-06_light_chain_changeos/R/count_clones/logs/count_clones_IGL_unmutated_productive.err> for stderr output of this job.

