Sender: LSF System <lsfadmin@lh06c20>
Subject: Job 226161894: <count_all_clones_per_sampleIGK_unmutated_unproductive> in cluster <chimera> Exited

Job <count_all_clones_per_sampleIGK_unmutated_unproductive> was submitted from host <li04e03> by user <hiciaf01> in cluster <chimera> at Wed Jan 21 21:30:17 2026
Job was executed on host(s) <lh06c20>, in queue <express>, as user <hiciaf01> in cluster <chimera> at Wed Jan 21 21:30:20 2026
</hpc/users/hiciaf01> was used as the home directory.
</sc/arion/work/hiciaf01/projects/cdr3/results/2025-11-06_light_chain_changeos> was used as the working directory.
Started at Wed Jan 21 21:30:20 2026
Terminated at Wed Jan 21 21:30:22 2026
Results reported at Wed Jan 21 21:30:22 2026

Your job looked like:

------------------------------------------------------------
# LSBATCH: User input
module load R; Rscript /sc/arion/work/hiciaf01/projects/cdr3/results/2025-11-06_light_chain_changeos//R/count_clones.R all_per_sample /sc/arion/scratch/hiciaf01/projects/cdr3/data/2025-11-06_light_chain_changeos//changeo/IGK/master_changeo_unmutated_500_seqs_filtered_unproductive.tsv /sc/arion/work/hiciaf01/projects/cdr3/results/2025-11-06_light_chain_changeos//R/count_all_clones_per_sample/clone_counts_IGK_unmutated_unproductive.tsv
------------------------------------------------------------

Exited with exit code 1.

Resource usage summary:

    CPU time :                                   1.63 sec.
    Max Memory :                                 11 MB
    Average Memory :                             11.00 MB
    Total Requested Memory :                     16000.00 MB
    Delta Memory :                               15989.00 MB
    Max Swap :                                   -
    Max Processes :                              3
    Max Threads :                                4
    Run time :                                   2 sec.
    Turnaround time :                            5 sec.

The output (if any) follows:



PS:

Read file </sc/arion/work/hiciaf01/projects/cdr3/results/2025-11-06_light_chain_changeos//R/count_all_clones_per_sample/logs/count_all_clones_per_sampleIGK_unmutated_unproductive.err> for stderr output of this job.

Sender: LSF System <lsfadmin@lh06c07>
Subject: Job 226161905: <count_all_clones_per_sampleIGK_unmutated_unproductive> in cluster <chimera> Exited

Job <count_all_clones_per_sampleIGK_unmutated_unproductive> was submitted from host <li04e03> by user <hiciaf01> in cluster <chimera> at Wed Jan 21 21:35:12 2026
Job was executed on host(s) <lh06c07>, in queue <express>, as user <hiciaf01> in cluster <chimera> at Wed Jan 21 21:35:14 2026
</hpc/users/hiciaf01> was used as the home directory.
</sc/arion/work/hiciaf01/projects/cdr3/results/2025-11-06_light_chain_changeos> was used as the working directory.
Started at Wed Jan 21 21:35:14 2026
Terminated at Wed Jan 21 21:35:17 2026
Results reported at Wed Jan 21 21:35:17 2026

Your job looked like:

------------------------------------------------------------
# LSBATCH: User input
module load R; Rscript /sc/arion/work/hiciaf01/projects/cdr3/results/2025-11-06_light_chain_changeos//R/count_clones.R all_per_sample /sc/arion/scratch/hiciaf01/projects/cdr3/data/2025-11-06_light_chain_changeos//changeo/IGK/master_changeo_unmutated_500_seqs_filtered_unproductive.tsv /sc/arion/work/hiciaf01/projects/cdr3/results/2025-11-06_light_chain_changeos//R/count_all_clones_per_sample/clone_counts_IGK_unmutated_unproductive.tsv
------------------------------------------------------------

Exited with exit code 1.

Resource usage summary:

    CPU time :                                   2.12 sec.
    Max Memory :                                 64 MB
    Average Memory :                             50.50 MB
    Total Requested Memory :                     16000.00 MB
    Delta Memory :                               15936.00 MB
    Max Swap :                                   -
    Max Processes :                              3
    Max Threads :                                5
    Run time :                                   3 sec.
    Turnaround time :                            5 sec.

The output (if any) follows:



PS:

Read file </sc/arion/work/hiciaf01/projects/cdr3/results/2025-11-06_light_chain_changeos//R/count_all_clones_per_sample/logs/count_all_clones_per_sampleIGK_unmutated_unproductive.err> for stderr output of this job.

Sender: LSF System <lsfadmin@lh06c07>
Subject: Job 226161914: <count_all_clones_per_sampleIGK_unmutated_unproductive> in cluster <chimera> Done

Job <count_all_clones_per_sampleIGK_unmutated_unproductive> was submitted from host <li04e03> by user <hiciaf01> in cluster <chimera> at Wed Jan 21 21:36:20 2026
Job was executed on host(s) <lh06c07>, in queue <express>, as user <hiciaf01> in cluster <chimera> at Wed Jan 21 21:36:25 2026
</hpc/users/hiciaf01> was used as the home directory.
</sc/arion/work/hiciaf01/projects/cdr3/results/2025-11-06_light_chain_changeos> was used as the working directory.
Started at Wed Jan 21 21:36:25 2026
Terminated at Wed Jan 21 21:36:39 2026
Results reported at Wed Jan 21 21:36:39 2026

Your job looked like:

------------------------------------------------------------
# LSBATCH: User input
module load R; Rscript /sc/arion/work/hiciaf01/projects/cdr3/results/2025-11-06_light_chain_changeos//R/count_clones.R all_per_sample /sc/arion/scratch/hiciaf01/projects/cdr3/data/2025-11-06_light_chain_changeos//changeo/IGK/master_changeo_unmutated_500_seqs_filtered_unproductive.tsv /sc/arion/work/hiciaf01/projects/cdr3/results/2025-11-06_light_chain_changeos//R/count_all_clones_per_sample/clone_counts_IGK_unmutated_unproductive.tsv
------------------------------------------------------------

Successfully completed.

Resource usage summary:

    CPU time :                                   14.23 sec.
    Max Memory :                                 410 MB
    Average Memory :                             255.11 MB
    Total Requested Memory :                     16000.00 MB
    Delta Memory :                               15590.00 MB
    Max Swap :                                   -
    Max Processes :                              3
    Max Threads :                                5
    Run time :                                   14 sec.
    Turnaround time :                            19 sec.

The output (if any) follows:

# A tibble: 169 × 2
   sample_id total_clones
   <chr>            <int>
 1 110040277          787
 2 110040811          748
 3 110040851          930
 4 110040887          313
 5 110040958          317
 6 110040975          325
 7 110042592          745
 8 110042606          732
 9 110042713          541
10 110042813         1455
# ℹ 159 more rows


PS:

Read file </sc/arion/work/hiciaf01/projects/cdr3/results/2025-11-06_light_chain_changeos//R/count_all_clones_per_sample/logs/count_all_clones_per_sampleIGK_unmutated_unproductive.err> for stderr output of this job.

