Sender: LSF System <lsfadmin@lh06c07>
Subject: Job 226161897: <count_all_clones_per_sampleIGL_unmutated_productive> in cluster <chimera> Exited

Job <count_all_clones_per_sampleIGL_unmutated_productive> was submitted from host <li04e03> by user <hiciaf01> in cluster <chimera> at Wed Jan 21 21:30:18 2026
Job was executed on host(s) <lh06c07>, in queue <express>, as user <hiciaf01> in cluster <chimera> at Wed Jan 21 21:30:20 2026
</hpc/users/hiciaf01> was used as the home directory.
</sc/arion/work/hiciaf01/projects/cdr3/results/2025-11-06_light_chain_changeos> was used as the working directory.
Started at Wed Jan 21 21:30:20 2026
Terminated at Wed Jan 21 21:30:22 2026
Results reported at Wed Jan 21 21:30:22 2026

Your job looked like:

------------------------------------------------------------
# LSBATCH: User input
module load R; Rscript /sc/arion/work/hiciaf01/projects/cdr3/results/2025-11-06_light_chain_changeos//R/count_clones.R all_per_sample /sc/arion/scratch/hiciaf01/projects/cdr3/data/2025-11-06_light_chain_changeos//changeo/IGL/master_changeo_unmutated_500_seqs_filtered_productive.tsv /sc/arion/work/hiciaf01/projects/cdr3/results/2025-11-06_light_chain_changeos//R/count_all_clones_per_sample/clone_counts_IGL_unmutated_productive.tsv
------------------------------------------------------------

Exited with exit code 1.

Resource usage summary:

    CPU time :                                   1.98 sec.
    Max Memory :                                 11 MB
    Average Memory :                             11.00 MB
    Total Requested Memory :                     16000.00 MB
    Delta Memory :                               15989.00 MB
    Max Swap :                                   -
    Max Processes :                              3
    Max Threads :                                4
    Run time :                                   2 sec.
    Turnaround time :                            4 sec.

The output (if any) follows:



PS:

Read file </sc/arion/work/hiciaf01/projects/cdr3/results/2025-11-06_light_chain_changeos//R/count_all_clones_per_sample/logs/count_all_clones_per_sampleIGL_unmutated_productive.err> for stderr output of this job.

Sender: LSF System <lsfadmin@lh06c23>
Subject: Job 226161908: <count_all_clones_per_sampleIGL_unmutated_productive> in cluster <chimera> Exited

Job <count_all_clones_per_sampleIGL_unmutated_productive> was submitted from host <li04e03> by user <hiciaf01> in cluster <chimera> at Wed Jan 21 21:35:13 2026
Job was executed on host(s) <lh06c23>, in queue <express>, as user <hiciaf01> in cluster <chimera> at Wed Jan 21 21:35:15 2026
</hpc/users/hiciaf01> was used as the home directory.
</sc/arion/work/hiciaf01/projects/cdr3/results/2025-11-06_light_chain_changeos> was used as the working directory.
Started at Wed Jan 21 21:35:15 2026
Terminated at Wed Jan 21 21:35:17 2026
Results reported at Wed Jan 21 21:35:17 2026

Your job looked like:

------------------------------------------------------------
# LSBATCH: User input
module load R; Rscript /sc/arion/work/hiciaf01/projects/cdr3/results/2025-11-06_light_chain_changeos//R/count_clones.R all_per_sample /sc/arion/scratch/hiciaf01/projects/cdr3/data/2025-11-06_light_chain_changeos//changeo/IGL/master_changeo_unmutated_500_seqs_filtered_productive.tsv /sc/arion/work/hiciaf01/projects/cdr3/results/2025-11-06_light_chain_changeos//R/count_all_clones_per_sample/clone_counts_IGL_unmutated_productive.tsv
------------------------------------------------------------

Exited with exit code 1.

Resource usage summary:

    CPU time :                                   1.73 sec.
    Max Memory :                                 11 MB
    Average Memory :                             11.00 MB
    Total Requested Memory :                     16000.00 MB
    Delta Memory :                               15989.00 MB
    Max Swap :                                   -
    Max Processes :                              3
    Max Threads :                                4
    Run time :                                   2 sec.
    Turnaround time :                            4 sec.

The output (if any) follows:



PS:

Read file </sc/arion/work/hiciaf01/projects/cdr3/results/2025-11-06_light_chain_changeos//R/count_all_clones_per_sample/logs/count_all_clones_per_sampleIGL_unmutated_productive.err> for stderr output of this job.

Sender: LSF System <lsfadmin@lh06c23>
Subject: Job 226161917: <count_all_clones_per_sampleIGL_unmutated_productive> in cluster <chimera> Done

Job <count_all_clones_per_sampleIGL_unmutated_productive> was submitted from host <li04e03> by user <hiciaf01> in cluster <chimera> at Wed Jan 21 21:36:21 2026
Job was executed on host(s) <lh06c23>, in queue <express>, as user <hiciaf01> in cluster <chimera> at Wed Jan 21 21:36:25 2026
</hpc/users/hiciaf01> was used as the home directory.
</sc/arion/work/hiciaf01/projects/cdr3/results/2025-11-06_light_chain_changeos> was used as the working directory.
Started at Wed Jan 21 21:36:25 2026
Terminated at Wed Jan 21 21:37:07 2026
Results reported at Wed Jan 21 21:37:07 2026

Your job looked like:

------------------------------------------------------------
# LSBATCH: User input
module load R; Rscript /sc/arion/work/hiciaf01/projects/cdr3/results/2025-11-06_light_chain_changeos//R/count_clones.R all_per_sample /sc/arion/scratch/hiciaf01/projects/cdr3/data/2025-11-06_light_chain_changeos//changeo/IGL/master_changeo_unmutated_500_seqs_filtered_productive.tsv /sc/arion/work/hiciaf01/projects/cdr3/results/2025-11-06_light_chain_changeos//R/count_all_clones_per_sample/clone_counts_IGL_unmutated_productive.tsv
------------------------------------------------------------

Successfully completed.

Resource usage summary:

    CPU time :                                   42.21 sec.
    Max Memory :                                 1451 MB
    Average Memory :                             640.61 MB
    Total Requested Memory :                     16000.00 MB
    Delta Memory :                               14549.00 MB
    Max Swap :                                   -
    Max Processes :                              3
    Max Threads :                                5
    Run time :                                   42 sec.
    Turnaround time :                            46 sec.

The output (if any) follows:

# A tibble: 169 × 2
   sample_id total_clones
   <chr>            <int>
 1 110040277         2119
 2 110040811         3841
 3 110040851         3209
 4 110040887         1462
 5 110040958         1656
 6 110040975         1644
 7 110042592         2401
 8 110042606         3561
 9 110042713         4468
10 110042813         5846
# ℹ 159 more rows


PS:

Read file </sc/arion/work/hiciaf01/projects/cdr3/results/2025-11-06_light_chain_changeos//R/count_all_clones_per_sample/logs/count_all_clones_per_sampleIGL_unmutated_productive.err> for stderr output of this job.

