Sender: LSF System <lsfadmin@lh06c20>
Subject: Job 226161895: <count_all_clones_per_sampleIGL_mutated_productive> in cluster <chimera> Exited

Job <count_all_clones_per_sampleIGL_mutated_productive> was submitted from host <li04e03> by user <hiciaf01> in cluster <chimera> at Wed Jan 21 21:30:18 2026
Job was executed on host(s) <lh06c20>, in queue <express>, as user <hiciaf01> in cluster <chimera> at Wed Jan 21 21:30:20 2026
</hpc/users/hiciaf01> was used as the home directory.
</sc/arion/work/hiciaf01/projects/cdr3/results/2025-11-06_light_chain_changeos> was used as the working directory.
Started at Wed Jan 21 21:30:20 2026
Terminated at Wed Jan 21 21:30:22 2026
Results reported at Wed Jan 21 21:30:22 2026

Your job looked like:

------------------------------------------------------------
# LSBATCH: User input
module load R; Rscript /sc/arion/work/hiciaf01/projects/cdr3/results/2025-11-06_light_chain_changeos//R/count_clones.R all_per_sample /sc/arion/scratch/hiciaf01/projects/cdr3/data/2025-11-06_light_chain_changeos//changeo/IGL/master_changeo_mutated_500_seqs_filtered_productive.tsv /sc/arion/work/hiciaf01/projects/cdr3/results/2025-11-06_light_chain_changeos//R/count_all_clones_per_sample/clone_counts_IGL_mutated_productive.tsv
------------------------------------------------------------

Exited with exit code 1.

Resource usage summary:

    CPU time :                                   1.64 sec.
    Max Memory :                                 11 MB
    Average Memory :                             11.00 MB
    Total Requested Memory :                     16000.00 MB
    Delta Memory :                               15989.00 MB
    Max Swap :                                   -
    Max Processes :                              3
    Max Threads :                                4
    Run time :                                   2 sec.
    Turnaround time :                            4 sec.

The output (if any) follows:



PS:

Read file </sc/arion/work/hiciaf01/projects/cdr3/results/2025-11-06_light_chain_changeos//R/count_all_clones_per_sample/logs/count_all_clones_per_sampleIGL_mutated_productive.err> for stderr output of this job.

Sender: LSF System <lsfadmin@lh06c07>
Subject: Job 226161906: <count_all_clones_per_sampleIGL_mutated_productive> in cluster <chimera> Exited

Job <count_all_clones_per_sampleIGL_mutated_productive> was submitted from host <li04e03> by user <hiciaf01> in cluster <chimera> at Wed Jan 21 21:35:12 2026
Job was executed on host(s) <lh06c07>, in queue <express>, as user <hiciaf01> in cluster <chimera> at Wed Jan 21 21:35:15 2026
</hpc/users/hiciaf01> was used as the home directory.
</sc/arion/work/hiciaf01/projects/cdr3/results/2025-11-06_light_chain_changeos> was used as the working directory.
Started at Wed Jan 21 21:35:15 2026
Terminated at Wed Jan 21 21:35:17 2026
Results reported at Wed Jan 21 21:35:17 2026

Your job looked like:

------------------------------------------------------------
# LSBATCH: User input
module load R; Rscript /sc/arion/work/hiciaf01/projects/cdr3/results/2025-11-06_light_chain_changeos//R/count_clones.R all_per_sample /sc/arion/scratch/hiciaf01/projects/cdr3/data/2025-11-06_light_chain_changeos//changeo/IGL/master_changeo_mutated_500_seqs_filtered_productive.tsv /sc/arion/work/hiciaf01/projects/cdr3/results/2025-11-06_light_chain_changeos//R/count_all_clones_per_sample/clone_counts_IGL_mutated_productive.tsv
------------------------------------------------------------

Exited with exit code 1.

Resource usage summary:

    CPU time :                                   2.10 sec.
    Max Memory :                                 64 MB
    Average Memory :                             50.75 MB
    Total Requested Memory :                     16000.00 MB
    Delta Memory :                               15936.00 MB
    Max Swap :                                   -
    Max Processes :                              3
    Max Threads :                                5
    Run time :                                   2 sec.
    Turnaround time :                            5 sec.

The output (if any) follows:



PS:

Read file </sc/arion/work/hiciaf01/projects/cdr3/results/2025-11-06_light_chain_changeos//R/count_all_clones_per_sample/logs/count_all_clones_per_sampleIGL_mutated_productive.err> for stderr output of this job.

Sender: LSF System <lsfadmin@lh06c07>
Subject: Job 226161915: <count_all_clones_per_sampleIGL_mutated_productive> in cluster <chimera> Done

Job <count_all_clones_per_sampleIGL_mutated_productive> was submitted from host <li04e03> by user <hiciaf01> in cluster <chimera> at Wed Jan 21 21:36:20 2026
Job was executed on host(s) <lh06c07>, in queue <express>, as user <hiciaf01> in cluster <chimera> at Wed Jan 21 21:36:25 2026
</hpc/users/hiciaf01> was used as the home directory.
</sc/arion/work/hiciaf01/projects/cdr3/results/2025-11-06_light_chain_changeos> was used as the working directory.
Started at Wed Jan 21 21:36:25 2026
Terminated at Wed Jan 21 21:38:54 2026
Results reported at Wed Jan 21 21:38:54 2026

Your job looked like:

------------------------------------------------------------
# LSBATCH: User input
module load R; Rscript /sc/arion/work/hiciaf01/projects/cdr3/results/2025-11-06_light_chain_changeos//R/count_clones.R all_per_sample /sc/arion/scratch/hiciaf01/projects/cdr3/data/2025-11-06_light_chain_changeos//changeo/IGL/master_changeo_mutated_500_seqs_filtered_productive.tsv /sc/arion/work/hiciaf01/projects/cdr3/results/2025-11-06_light_chain_changeos//R/count_all_clones_per_sample/clone_counts_IGL_mutated_productive.tsv
------------------------------------------------------------

Successfully completed.

Resource usage summary:

    CPU time :                                   148.70 sec.
    Max Memory :                                 5053 MB
    Average Memory :                             2319.72 MB
    Total Requested Memory :                     16000.00 MB
    Delta Memory :                               10947.00 MB
    Max Swap :                                   -
    Max Processes :                              3
    Max Threads :                                5
    Run time :                                   149 sec.
    Turnaround time :                            154 sec.

The output (if any) follows:

# A tibble: 169 × 2
   sample_id total_clones
   <chr>            <int>
 1 110040277         6807
 2 110040811         9993
 3 110040851         9622
 4 110040887        10615
 5 110040958         2058
 6 110040975        11812
 7 110042592         5665
 8 110042606         6801
 9 110042713        17377
10 110042813        10941
# ℹ 159 more rows


PS:

Read file </sc/arion/work/hiciaf01/projects/cdr3/results/2025-11-06_light_chain_changeos//R/count_all_clones_per_sample/logs/count_all_clones_per_sampleIGL_mutated_productive.err> for stderr output of this job.

