Sender: LSF System <lsfadmin@lg07c08>
Subject: Job 226054616: <count_all_clones_IGL_mutated_unproductive> in cluster <chimera> Done

Job <count_all_clones_IGL_mutated_unproductive> was submitted from host <li04e02> by user <hiciaf01> in cluster <chimera> at Fri Jan 16 14:20:44 2026
Job was executed on host(s) <lg07c08>, in queue <express>, as user <hiciaf01> in cluster <chimera> at Fri Jan 16 14:20:47 2026
</hpc/users/hiciaf01> was used as the home directory.
</sc/arion/work/hiciaf01/projects/cdr3/results/2025-11-06_light_chain_changeos> was used as the working directory.
Started at Fri Jan 16 14:20:47 2026
Terminated at Fri Jan 16 14:20:50 2026
Results reported at Fri Jan 16 14:20:50 2026

Your job looked like:

------------------------------------------------------------
# LSBATCH: User input
module load R; Rscript /sc/arion/work/hiciaf01/projects/cdr3/results/2025-11-06_light_chain_changeos//R/count_clones.R all /sc/arion/scratch/hiciaf01/projects/cdr3/data/2025-11-06_light_chain_changeos//changeo/IGL/master_changeo_mutated_500_seqs_filtered_unproductive.tsv /sc/arion/work/hiciaf01/projects/cdr3/results/2025-11-06_light_chain_changeos//R/count_clones/clone_counts_IGL_mutated_unproductive.tsv
------------------------------------------------------------

Successfully completed.

Resource usage summary:

    CPU time :                                   1.74 sec.
    Max Memory :                                 15 MB
    Average Memory :                             10.00 MB
    Total Requested Memory :                     16000.00 MB
    Delta Memory :                               15985.00 MB
    Max Swap :                                   -
    Max Processes :                              3
    Max Threads :                                4
    Run time :                                   3 sec.
    Turnaround time :                            6 sec.

The output (if any) follows:



PS:

Read file </sc/arion/work/hiciaf01/projects/cdr3/results/2025-11-06_light_chain_changeos//R/count_all_clones/logs/count_all_clones_IGL_mutated_unproductive.err> for stderr output of this job.

Sender: LSF System <lsfadmin@lg07c08>
Subject: Job 226054960: <count_all_clones_IGL_mutated_unproductive> in cluster <chimera> Done

Job <count_all_clones_IGL_mutated_unproductive> was submitted from host <li04e02> by user <hiciaf01> in cluster <chimera> at Fri Jan 16 14:22:00 2026
Job was executed on host(s) <lg07c08>, in queue <express>, as user <hiciaf01> in cluster <chimera> at Fri Jan 16 14:22:04 2026
</hpc/users/hiciaf01> was used as the home directory.
</sc/arion/work/hiciaf01/projects/cdr3/results/2025-11-06_light_chain_changeos> was used as the working directory.
Started at Fri Jan 16 14:22:04 2026
Terminated at Fri Jan 16 14:22:07 2026
Results reported at Fri Jan 16 14:22:07 2026

Your job looked like:

------------------------------------------------------------
# LSBATCH: User input
module load R; Rscript /sc/arion/work/hiciaf01/projects/cdr3/results/2025-11-06_light_chain_changeos//R/count_clones.R all /sc/arion/scratch/hiciaf01/projects/cdr3/data/2025-11-06_light_chain_changeos//changeo/IGL/master_changeo_mutated_500_seqs_filtered_unproductive.tsv /sc/arion/work/hiciaf01/projects/cdr3/results/2025-11-06_light_chain_changeos//R/count_all_clones/clone_counts_IGL_mutated_unproductive.tsv
------------------------------------------------------------

Successfully completed.

Resource usage summary:

    CPU time :                                   1.75 sec.
    Max Memory :                                 15 MB
    Average Memory :                             12.33 MB
    Total Requested Memory :                     16000.00 MB
    Delta Memory :                               15985.00 MB
    Max Swap :                                   -
    Max Processes :                              3
    Max Threads :                                4
    Run time :                                   3 sec.
    Turnaround time :                            7 sec.

The output (if any) follows:



PS:

Read file </sc/arion/work/hiciaf01/projects/cdr3/results/2025-11-06_light_chain_changeos//R/count_all_clones/logs/count_all_clones_IGL_mutated_unproductive.err> for stderr output of this job.

Sender: LSF System <lsfadmin@lh06c30>
Subject: Job 226055459: <count_all_clones_IGL_mutated_unproductive> in cluster <chimera> Done

Job <count_all_clones_IGL_mutated_unproductive> was submitted from host <li04e02> by user <hiciaf01> in cluster <chimera> at Fri Jan 16 14:23:44 2026
Job was executed on host(s) <lh06c30>, in queue <express>, as user <hiciaf01> in cluster <chimera> at Fri Jan 16 14:23:44 2026
</hpc/users/hiciaf01> was used as the home directory.
</sc/arion/work/hiciaf01/projects/cdr3/results/2025-11-06_light_chain_changeos> was used as the working directory.
Started at Fri Jan 16 14:23:44 2026
Terminated at Fri Jan 16 14:23:56 2026
Results reported at Fri Jan 16 14:23:56 2026

Your job looked like:

------------------------------------------------------------
# LSBATCH: User input
module load R; Rscript /sc/arion/work/hiciaf01/projects/cdr3/results/2025-11-06_light_chain_changeos//R/count_clones.R all /sc/arion/scratch/hiciaf01/projects/cdr3/data/2025-11-06_light_chain_changeos//changeo/IGL/master_changeo_mutated_500_seqs_filtered_unproductive.tsv /sc/arion/work/hiciaf01/projects/cdr3/results/2025-11-06_light_chain_changeos//R/count_all_clones/clone_counts_IGL_mutated_unproductive.tsv
------------------------------------------------------------

Successfully completed.

Resource usage summary:

    CPU time :                                   11.21 sec.
    Max Memory :                                 406 MB
    Average Memory :                             252.75 MB
    Total Requested Memory :                     16000.00 MB
    Delta Memory :                               15594.00 MB
    Max Swap :                                   -
    Max Processes :                              3
    Max Threads :                                5
    Run time :                                   12 sec.
    Turnaround time :                            12 sec.

The output (if any) follows:

[1] "counting"
[1] 79624


PS:

Read file </sc/arion/work/hiciaf01/projects/cdr3/results/2025-11-06_light_chain_changeos//R/count_all_clones/logs/count_all_clones_IGL_mutated_unproductive.err> for stderr output of this job.

Sender: LSF System <lsfadmin@lh06c23>
Subject: Job 226056410: <count_all_clones_IGL_mutated_unproductive> in cluster <chimera> Done

Job <count_all_clones_IGL_mutated_unproductive> was submitted from host <li04e02> by user <hiciaf01> in cluster <chimera> at Fri Jan 16 14:33:26 2026
Job was executed on host(s) <lh06c23>, in queue <express>, as user <hiciaf01> in cluster <chimera> at Fri Jan 16 14:33:30 2026
</hpc/users/hiciaf01> was used as the home directory.
</sc/arion/work/hiciaf01/projects/cdr3/results/2025-11-06_light_chain_changeos> was used as the working directory.
Started at Fri Jan 16 14:33:30 2026
Terminated at Fri Jan 16 14:33:41 2026
Results reported at Fri Jan 16 14:33:41 2026

Your job looked like:

------------------------------------------------------------
# LSBATCH: User input
module load R; Rscript /sc/arion/work/hiciaf01/projects/cdr3/results/2025-11-06_light_chain_changeos//R/count_clones.R all /sc/arion/scratch/hiciaf01/projects/cdr3/data/2025-11-06_light_chain_changeos//changeo/IGL/master_changeo_mutated_500_seqs_filtered_unproductive.tsv /sc/arion/work/hiciaf01/projects/cdr3/results/2025-11-06_light_chain_changeos//R/count_all_clones/clone_counts_IGL_mutated_unproductive.tsv
------------------------------------------------------------

Successfully completed.

Resource usage summary:

    CPU time :                                   10.54 sec.
    Max Memory :                                 380 MB
    Average Memory :                             243.37 MB
    Total Requested Memory :                     16000.00 MB
    Delta Memory :                               15620.00 MB
    Max Swap :                                   -
    Max Processes :                              3
    Max Threads :                                5
    Run time :                                   11 sec.
    Turnaround time :                            15 sec.

The output (if any) follows:

[1] "counting"
[1] 79624


PS:

Read file </sc/arion/work/hiciaf01/projects/cdr3/results/2025-11-06_light_chain_changeos//R/count_all_clones/logs/count_all_clones_IGL_mutated_unproductive.err> for stderr output of this job.

