Sender: LSF System <lsfadmin@lg07c06>
Subject: Job 226054618: <count_all_clones_IGL_unmutated_productive> in cluster <chimera> Done

Job <count_all_clones_IGL_unmutated_productive> was submitted from host <li04e02> by user <hiciaf01> in cluster <chimera> at Fri Jan 16 14:20:44 2026
Job was executed on host(s) <lg07c06>, in queue <express>, as user <hiciaf01> in cluster <chimera> at Fri Jan 16 14:20:48 2026
</hpc/users/hiciaf01> was used as the home directory.
</sc/arion/work/hiciaf01/projects/cdr3/results/2025-11-06_light_chain_changeos> was used as the working directory.
Started at Fri Jan 16 14:20:48 2026
Terminated at Fri Jan 16 14:20:51 2026
Results reported at Fri Jan 16 14:20:51 2026

Your job looked like:

------------------------------------------------------------
# LSBATCH: User input
module load R; Rscript /sc/arion/work/hiciaf01/projects/cdr3/results/2025-11-06_light_chain_changeos//R/count_clones.R all /sc/arion/scratch/hiciaf01/projects/cdr3/data/2025-11-06_light_chain_changeos//changeo/IGL/master_changeo_unmutated_500_seqs_filtered_productive.tsv /sc/arion/work/hiciaf01/projects/cdr3/results/2025-11-06_light_chain_changeos//R/count_clones/clone_counts_IGL_unmutated_productive.tsv
------------------------------------------------------------

Successfully completed.

Resource usage summary:

    CPU time :                                   1.78 sec.
    Max Memory :                                 16 MB
    Average Memory :                             8.33 MB
    Total Requested Memory :                     16000.00 MB
    Delta Memory :                               15984.00 MB
    Max Swap :                                   -
    Max Processes :                              3
    Max Threads :                                4
    Run time :                                   3 sec.
    Turnaround time :                            7 sec.

The output (if any) follows:



PS:

Read file </sc/arion/work/hiciaf01/projects/cdr3/results/2025-11-06_light_chain_changeos//R/count_all_clones/logs/count_all_clones_IGL_unmutated_productive.err> for stderr output of this job.

Sender: LSF System <lsfadmin@lg05e05>
Subject: Job 226054963: <count_all_clones_IGL_unmutated_productive> in cluster <chimera> Done

Job <count_all_clones_IGL_unmutated_productive> was submitted from host <li04e02> by user <hiciaf01> in cluster <chimera> at Fri Jan 16 14:22:00 2026
Job was executed on host(s) <lg05e05>, in queue <express>, as user <hiciaf01> in cluster <chimera> at Fri Jan 16 14:22:04 2026
</hpc/users/hiciaf01> was used as the home directory.
</sc/arion/work/hiciaf01/projects/cdr3/results/2025-11-06_light_chain_changeos> was used as the working directory.
Started at Fri Jan 16 14:22:04 2026
Terminated at Fri Jan 16 14:22:07 2026
Results reported at Fri Jan 16 14:22:07 2026

Your job looked like:

------------------------------------------------------------
# LSBATCH: User input
module load R; Rscript /sc/arion/work/hiciaf01/projects/cdr3/results/2025-11-06_light_chain_changeos//R/count_clones.R all /sc/arion/scratch/hiciaf01/projects/cdr3/data/2025-11-06_light_chain_changeos//changeo/IGL/master_changeo_unmutated_500_seqs_filtered_productive.tsv /sc/arion/work/hiciaf01/projects/cdr3/results/2025-11-06_light_chain_changeos//R/count_all_clones/clone_counts_IGL_unmutated_productive.tsv
------------------------------------------------------------

Successfully completed.

Resource usage summary:

    CPU time :                                   1.43 sec.
    Max Memory :                                 16 MB
    Average Memory :                             10.75 MB
    Total Requested Memory :                     16000.00 MB
    Delta Memory :                               15984.00 MB
    Max Swap :                                   -
    Max Processes :                              3
    Max Threads :                                4
    Run time :                                   3 sec.
    Turnaround time :                            7 sec.

The output (if any) follows:



PS:

Read file </sc/arion/work/hiciaf01/projects/cdr3/results/2025-11-06_light_chain_changeos//R/count_all_clones/logs/count_all_clones_IGL_unmutated_productive.err> for stderr output of this job.

Sender: LSF System <lsfadmin@lh06c09>
Subject: Job 226055463: <count_all_clones_IGL_unmutated_productive> in cluster <chimera> Done

Job <count_all_clones_IGL_unmutated_productive> was submitted from host <li04e02> by user <hiciaf01> in cluster <chimera> at Fri Jan 16 14:23:44 2026
Job was executed on host(s) <lh06c09>, in queue <express>, as user <hiciaf01> in cluster <chimera> at Fri Jan 16 14:23:50 2026
</hpc/users/hiciaf01> was used as the home directory.
</sc/arion/work/hiciaf01/projects/cdr3/results/2025-11-06_light_chain_changeos> was used as the working directory.
Started at Fri Jan 16 14:23:50 2026
Terminated at Fri Jan 16 14:24:32 2026
Results reported at Fri Jan 16 14:24:32 2026

Your job looked like:

------------------------------------------------------------
# LSBATCH: User input
module load R; Rscript /sc/arion/work/hiciaf01/projects/cdr3/results/2025-11-06_light_chain_changeos//R/count_clones.R all /sc/arion/scratch/hiciaf01/projects/cdr3/data/2025-11-06_light_chain_changeos//changeo/IGL/master_changeo_unmutated_500_seqs_filtered_productive.tsv /sc/arion/work/hiciaf01/projects/cdr3/results/2025-11-06_light_chain_changeos//R/count_all_clones/clone_counts_IGL_unmutated_productive.tsv
------------------------------------------------------------

Successfully completed.

Resource usage summary:

    CPU time :                                   40.95 sec.
    Max Memory :                                 1545 MB
    Average Memory :                             656.09 MB
    Total Requested Memory :                     16000.00 MB
    Delta Memory :                               14455.00 MB
    Max Swap :                                   -
    Max Processes :                              4
    Max Threads :                                5
    Run time :                                   42 sec.
    Turnaround time :                            48 sec.

The output (if any) follows:

[1] "counting"
[1] 541870


PS:

Read file </sc/arion/work/hiciaf01/projects/cdr3/results/2025-11-06_light_chain_changeos//R/count_all_clones/logs/count_all_clones_IGL_unmutated_productive.err> for stderr output of this job.

Sender: LSF System <lsfadmin@lh06c23>
Subject: Job 226056411: <count_all_clones_IGL_unmutated_productive> in cluster <chimera> Exited

Job <count_all_clones_IGL_unmutated_productive> was submitted from host <li04e02> by user <hiciaf01> in cluster <chimera> at Fri Jan 16 14:33:27 2026
Job was executed on host(s) <lh06c23>, in queue <express>, as user <hiciaf01> in cluster <chimera> at Fri Jan 16 14:33:30 2026
</hpc/users/hiciaf01> was used as the home directory.
</sc/arion/work/hiciaf01/projects/cdr3/results/2025-11-06_light_chain_changeos> was used as the working directory.
Started at Fri Jan 16 14:33:30 2026
Terminated at Fri Jan 16 14:34:13 2026
Results reported at Fri Jan 16 14:34:13 2026

Your job looked like:

------------------------------------------------------------
# LSBATCH: User input
module load R; Rscript /sc/arion/work/hiciaf01/projects/cdr3/results/2025-11-06_light_chain_changeos//R/count_clones.R all /sc/arion/scratch/hiciaf01/projects/cdr3/data/2025-11-06_light_chain_changeos//changeo/IGL/master_changeo_unmutated_500_seqs_filtered_productive.tsv /sc/arion/work/hiciaf01/projects/cdr3/results/2025-11-06_light_chain_changeos//R/count_all_clones/clone_counts_IGL_unmutated_productive.tsv
------------------------------------------------------------

Exited with exit code 1.

Resource usage summary:

    CPU time :                                   42.12 sec.
    Max Memory :                                 1544 MB
    Average Memory :                             659.17 MB
    Total Requested Memory :                     16000.00 MB
    Delta Memory :                               14456.00 MB
    Max Swap :                                   -
    Max Processes :                              3
    Max Threads :                                5
    Run time :                                   43 sec.
    Turnaround time :                            46 sec.

The output (if any) follows:

[1] "counting"
[1] 541870


PS:

Read file </sc/arion/work/hiciaf01/projects/cdr3/results/2025-11-06_light_chain_changeos//R/count_all_clones/logs/count_all_clones_IGL_unmutated_productive.err> for stderr output of this job.

