Sender: LSF System <lsfadmin@lg07c05>
Subject: Job 226054614: <count_all_clones_IGL_mutated_productive> in cluster <chimera> Done

Job <count_all_clones_IGL_mutated_productive> was submitted from host <li04e02> by user <hiciaf01> in cluster <chimera> at Fri Jan 16 14:20:44 2026
Job was executed on host(s) <lg07c05>, in queue <express>, as user <hiciaf01> in cluster <chimera> at Fri Jan 16 14:20:47 2026
</hpc/users/hiciaf01> was used as the home directory.
</sc/arion/work/hiciaf01/projects/cdr3/results/2025-11-06_light_chain_changeos> was used as the working directory.
Started at Fri Jan 16 14:20:47 2026
Terminated at Fri Jan 16 14:20:50 2026
Results reported at Fri Jan 16 14:20:50 2026

Your job looked like:

------------------------------------------------------------
# LSBATCH: User input
module load R; Rscript /sc/arion/work/hiciaf01/projects/cdr3/results/2025-11-06_light_chain_changeos//R/count_clones.R all /sc/arion/scratch/hiciaf01/projects/cdr3/data/2025-11-06_light_chain_changeos//changeo/IGL/master_changeo_mutated_500_seqs_filtered_productive.tsv /sc/arion/work/hiciaf01/projects/cdr3/results/2025-11-06_light_chain_changeos//R/count_clones/clone_counts_IGL_mutated_productive.tsv
------------------------------------------------------------

Successfully completed.

Resource usage summary:

    CPU time :                                   1.60 sec.
    Max Memory :                                 15 MB
    Average Memory :                             8.00 MB
    Total Requested Memory :                     16000.00 MB
    Delta Memory :                               15985.00 MB
    Max Swap :                                   -
    Max Processes :                              3
    Max Threads :                                4
    Run time :                                   3 sec.
    Turnaround time :                            6 sec.

The output (if any) follows:



PS:

Read file </sc/arion/work/hiciaf01/projects/cdr3/results/2025-11-06_light_chain_changeos//R/count_all_clones/logs/count_all_clones_IGL_mutated_productive.err> for stderr output of this job.

Sender: LSF System <lsfadmin@lg07c06>
Subject: Job 226054958: <count_all_clones_IGL_mutated_productive> in cluster <chimera> Done

Job <count_all_clones_IGL_mutated_productive> was submitted from host <li04e02> by user <hiciaf01> in cluster <chimera> at Fri Jan 16 14:21:59 2026
Job was executed on host(s) <lg07c06>, in queue <express>, as user <hiciaf01> in cluster <chimera> at Fri Jan 16 14:22:04 2026
</hpc/users/hiciaf01> was used as the home directory.
</sc/arion/work/hiciaf01/projects/cdr3/results/2025-11-06_light_chain_changeos> was used as the working directory.
Started at Fri Jan 16 14:22:04 2026
Terminated at Fri Jan 16 14:22:07 2026
Results reported at Fri Jan 16 14:22:07 2026

Your job looked like:

------------------------------------------------------------
# LSBATCH: User input
module load R; Rscript /sc/arion/work/hiciaf01/projects/cdr3/results/2025-11-06_light_chain_changeos//R/count_clones.R all /sc/arion/scratch/hiciaf01/projects/cdr3/data/2025-11-06_light_chain_changeos//changeo/IGL/master_changeo_mutated_500_seqs_filtered_productive.tsv /sc/arion/work/hiciaf01/projects/cdr3/results/2025-11-06_light_chain_changeos//R/count_all_clones/clone_counts_IGL_mutated_productive.tsv
------------------------------------------------------------

Successfully completed.

Resource usage summary:

    CPU time :                                   1.81 sec.
    Max Memory :                                 15 MB
    Average Memory :                             12.33 MB
    Total Requested Memory :                     16000.00 MB
    Delta Memory :                               15985.00 MB
    Max Swap :                                   -
    Max Processes :                              3
    Max Threads :                                4
    Run time :                                   3 sec.
    Turnaround time :                            8 sec.

The output (if any) follows:



PS:

Read file </sc/arion/work/hiciaf01/projects/cdr3/results/2025-11-06_light_chain_changeos//R/count_all_clones/logs/count_all_clones_IGL_mutated_productive.err> for stderr output of this job.

Sender: LSF System <lsfadmin@lh06c30>
Subject: Job 226055457: <count_all_clones_IGL_mutated_productive> in cluster <chimera> Done

Job <count_all_clones_IGL_mutated_productive> was submitted from host <li04e02> by user <hiciaf01> in cluster <chimera> at Fri Jan 16 14:23:43 2026
Job was executed on host(s) <lh06c30>, in queue <express>, as user <hiciaf01> in cluster <chimera> at Fri Jan 16 14:23:44 2026
</hpc/users/hiciaf01> was used as the home directory.
</sc/arion/work/hiciaf01/projects/cdr3/results/2025-11-06_light_chain_changeos> was used as the working directory.
Started at Fri Jan 16 14:23:44 2026
Terminated at Fri Jan 16 14:26:19 2026
Results reported at Fri Jan 16 14:26:19 2026

Your job looked like:

------------------------------------------------------------
# LSBATCH: User input
module load R; Rscript /sc/arion/work/hiciaf01/projects/cdr3/results/2025-11-06_light_chain_changeos//R/count_clones.R all /sc/arion/scratch/hiciaf01/projects/cdr3/data/2025-11-06_light_chain_changeos//changeo/IGL/master_changeo_mutated_500_seqs_filtered_productive.tsv /sc/arion/work/hiciaf01/projects/cdr3/results/2025-11-06_light_chain_changeos//R/count_all_clones/clone_counts_IGL_mutated_productive.tsv
------------------------------------------------------------

Successfully completed.

Resource usage summary:

    CPU time :                                   153.60 sec.
    Max Memory :                                 5053 MB
    Average Memory :                             2349.07 MB
    Total Requested Memory :                     16000.00 MB
    Delta Memory :                               10947.00 MB
    Max Swap :                                   -
    Max Processes :                              3
    Max Threads :                                5
    Run time :                                   155 sec.
    Turnaround time :                            156 sec.

The output (if any) follows:

[1] "counting"
[1] 1585448


PS:

Read file </sc/arion/work/hiciaf01/projects/cdr3/results/2025-11-06_light_chain_changeos//R/count_all_clones/logs/count_all_clones_IGL_mutated_productive.err> for stderr output of this job.

Sender: LSF System <lsfadmin@lh06c23>
Subject: Job 226056409: <count_all_clones_IGL_mutated_productive> in cluster <chimera> Exited

Job <count_all_clones_IGL_mutated_productive> was submitted from host <li04e02> by user <hiciaf01> in cluster <chimera> at Fri Jan 16 14:33:26 2026
Job was executed on host(s) <lh06c23>, in queue <express>, as user <hiciaf01> in cluster <chimera> at Fri Jan 16 14:33:30 2026
</hpc/users/hiciaf01> was used as the home directory.
</sc/arion/work/hiciaf01/projects/cdr3/results/2025-11-06_light_chain_changeos> was used as the working directory.
Started at Fri Jan 16 14:33:30 2026
Terminated at Fri Jan 16 14:35:58 2026
Results reported at Fri Jan 16 14:35:58 2026

Your job looked like:

------------------------------------------------------------
# LSBATCH: User input
module load R; Rscript /sc/arion/work/hiciaf01/projects/cdr3/results/2025-11-06_light_chain_changeos//R/count_clones.R all /sc/arion/scratch/hiciaf01/projects/cdr3/data/2025-11-06_light_chain_changeos//changeo/IGL/master_changeo_mutated_500_seqs_filtered_productive.tsv /sc/arion/work/hiciaf01/projects/cdr3/results/2025-11-06_light_chain_changeos//R/count_all_clones/clone_counts_IGL_mutated_productive.tsv
------------------------------------------------------------

Exited with exit code 1.

Resource usage summary:

    CPU time :                                   146.28 sec.
    Max Memory :                                 5053 MB
    Average Memory :                             2258.40 MB
    Total Requested Memory :                     16000.00 MB
    Delta Memory :                               10947.00 MB
    Max Swap :                                   -
    Max Processes :                              3
    Max Threads :                                5
    Run time :                                   148 sec.
    Turnaround time :                            152 sec.

The output (if any) follows:

[1] "counting"
[1] 1585448


PS:

Read file </sc/arion/work/hiciaf01/projects/cdr3/results/2025-11-06_light_chain_changeos//R/count_all_clones/logs/count_all_clones_IGL_mutated_productive.err> for stderr output of this job.

