Sender: LSF System <lsfadmin@lg07c06>
Subject: Job 226054607: <count_all_clones_IGK_mutated_unproductive> in cluster <chimera> Done

Job <count_all_clones_IGK_mutated_unproductive> was submitted from host <li04e02> by user <hiciaf01> in cluster <chimera> at Fri Jan 16 14:20:43 2026
Job was executed on host(s) <lg07c06>, in queue <express>, as user <hiciaf01> in cluster <chimera> at Fri Jan 16 14:20:44 2026
</hpc/users/hiciaf01> was used as the home directory.
</sc/arion/work/hiciaf01/projects/cdr3/results/2025-11-06_light_chain_changeos> was used as the working directory.
Started at Fri Jan 16 14:20:44 2026
Terminated at Fri Jan 16 14:20:48 2026
Results reported at Fri Jan 16 14:20:48 2026

Your job looked like:

------------------------------------------------------------
# LSBATCH: User input
module load R; Rscript /sc/arion/work/hiciaf01/projects/cdr3/results/2025-11-06_light_chain_changeos//R/count_clones.R all /sc/arion/scratch/hiciaf01/projects/cdr3/data/2025-11-06_light_chain_changeos//changeo/IGK/master_changeo_mutated_500_seqs_filtered_unproductive.tsv /sc/arion/work/hiciaf01/projects/cdr3/results/2025-11-06_light_chain_changeos//R/count_clones/clone_counts_IGK_mutated_unproductive.tsv
------------------------------------------------------------

Successfully completed.

Resource usage summary:

    CPU time :                                   1.78 sec.
    Max Memory :                                 15 MB
    Average Memory :                             9.40 MB
    Total Requested Memory :                     16000.00 MB
    Delta Memory :                               15985.00 MB
    Max Swap :                                   -
    Max Processes :                              3
    Max Threads :                                4
    Run time :                                   4 sec.
    Turnaround time :                            5 sec.

The output (if any) follows:



PS:

Read file </sc/arion/work/hiciaf01/projects/cdr3/results/2025-11-06_light_chain_changeos//R/count_all_clones/logs/count_all_clones_IGK_mutated_unproductive.err> for stderr output of this job.

Sender: LSF System <lsfadmin@lg07c06>
Subject: Job 226054951: <count_all_clones_IGK_mutated_unproductive> in cluster <chimera> Done

Job <count_all_clones_IGK_mutated_unproductive> was submitted from host <li04e02> by user <hiciaf01> in cluster <chimera> at Fri Jan 16 14:21:58 2026
Job was executed on host(s) <lg07c06>, in queue <express>, as user <hiciaf01> in cluster <chimera> at Fri Jan 16 14:21:59 2026
</hpc/users/hiciaf01> was used as the home directory.
</sc/arion/work/hiciaf01/projects/cdr3/results/2025-11-06_light_chain_changeos> was used as the working directory.
Started at Fri Jan 16 14:21:59 2026
Terminated at Fri Jan 16 14:22:02 2026
Results reported at Fri Jan 16 14:22:02 2026

Your job looked like:

------------------------------------------------------------
# LSBATCH: User input
module load R; Rscript /sc/arion/work/hiciaf01/projects/cdr3/results/2025-11-06_light_chain_changeos//R/count_clones.R all /sc/arion/scratch/hiciaf01/projects/cdr3/data/2025-11-06_light_chain_changeos//changeo/IGK/master_changeo_mutated_500_seqs_filtered_unproductive.tsv /sc/arion/work/hiciaf01/projects/cdr3/results/2025-11-06_light_chain_changeos//R/count_all_clones/clone_counts_IGK_mutated_unproductive.tsv
------------------------------------------------------------

Successfully completed.

Resource usage summary:

    CPU time :                                   1.70 sec.
    Max Memory :                                 15 MB
    Average Memory :                             11.75 MB
    Total Requested Memory :                     16000.00 MB
    Delta Memory :                               15985.00 MB
    Max Swap :                                   -
    Max Processes :                              3
    Max Threads :                                4
    Run time :                                   3 sec.
    Turnaround time :                            4 sec.

The output (if any) follows:



PS:

Read file </sc/arion/work/hiciaf01/projects/cdr3/results/2025-11-06_light_chain_changeos//R/count_all_clones/logs/count_all_clones_IGK_mutated_unproductive.err> for stderr output of this job.

Sender: LSF System <lsfadmin@lh06c15>
Subject: Job 226055450: <count_all_clones_IGK_mutated_unproductive> in cluster <chimera> Done

Job <count_all_clones_IGK_mutated_unproductive> was submitted from host <li04e02> by user <hiciaf01> in cluster <chimera> at Fri Jan 16 14:23:42 2026
Job was executed on host(s) <lh06c15>, in queue <express>, as user <hiciaf01> in cluster <chimera> at Fri Jan 16 14:23:44 2026
</hpc/users/hiciaf01> was used as the home directory.
</sc/arion/work/hiciaf01/projects/cdr3/results/2025-11-06_light_chain_changeos> was used as the working directory.
Started at Fri Jan 16 14:23:44 2026
Terminated at Fri Jan 16 14:24:03 2026
Results reported at Fri Jan 16 14:24:03 2026

Your job looked like:

------------------------------------------------------------
# LSBATCH: User input
module load R; Rscript /sc/arion/work/hiciaf01/projects/cdr3/results/2025-11-06_light_chain_changeos//R/count_clones.R all /sc/arion/scratch/hiciaf01/projects/cdr3/data/2025-11-06_light_chain_changeos//changeo/IGK/master_changeo_mutated_500_seqs_filtered_unproductive.tsv /sc/arion/work/hiciaf01/projects/cdr3/results/2025-11-06_light_chain_changeos//R/count_all_clones/clone_counts_IGK_mutated_unproductive.tsv
------------------------------------------------------------

Successfully completed.

Resource usage summary:

    CPU time :                                   18.03 sec.
    Max Memory :                                 637 MB
    Average Memory :                             356.45 MB
    Total Requested Memory :                     16000.00 MB
    Delta Memory :                               15363.00 MB
    Max Swap :                                   -
    Max Processes :                              3
    Max Threads :                                5
    Run time :                                   19 sec.
    Turnaround time :                            21 sec.

The output (if any) follows:

[1] "counting"
[1] 137586


PS:

Read file </sc/arion/work/hiciaf01/projects/cdr3/results/2025-11-06_light_chain_changeos//R/count_all_clones/logs/count_all_clones_IGK_mutated_unproductive.err> for stderr output of this job.

Sender: LSF System <lsfadmin@lh06c15>
Subject: Job 226056406: <count_all_clones_IGK_mutated_unproductive> in cluster <chimera> Exited

Job <count_all_clones_IGK_mutated_unproductive> was submitted from host <li04e02> by user <hiciaf01> in cluster <chimera> at Fri Jan 16 14:33:25 2026
Job was executed on host(s) <lh06c15>, in queue <express>, as user <hiciaf01> in cluster <chimera> at Fri Jan 16 14:33:30 2026
</hpc/users/hiciaf01> was used as the home directory.
</sc/arion/work/hiciaf01/projects/cdr3/results/2025-11-06_light_chain_changeos> was used as the working directory.
Started at Fri Jan 16 14:33:30 2026
Terminated at Fri Jan 16 14:33:48 2026
Results reported at Fri Jan 16 14:33:48 2026

Your job looked like:

------------------------------------------------------------
# LSBATCH: User input
module load R; Rscript /sc/arion/work/hiciaf01/projects/cdr3/results/2025-11-06_light_chain_changeos//R/count_clones.R all /sc/arion/scratch/hiciaf01/projects/cdr3/data/2025-11-06_light_chain_changeos//changeo/IGK/master_changeo_mutated_500_seqs_filtered_unproductive.tsv /sc/arion/work/hiciaf01/projects/cdr3/results/2025-11-06_light_chain_changeos//R/count_all_clones/clone_counts_IGK_mutated_unproductive.tsv
------------------------------------------------------------

Exited with exit code 1.

Resource usage summary:

    CPU time :                                   17.75 sec.
    Max Memory :                                 637 MB
    Average Memory :                             365.09 MB
    Total Requested Memory :                     16000.00 MB
    Delta Memory :                               15363.00 MB
    Max Swap :                                   -
    Max Processes :                              3
    Max Threads :                                5
    Run time :                                   18 sec.
    Turnaround time :                            23 sec.

The output (if any) follows:

[1] "counting"
[1] 137586


PS:

Read file </sc/arion/work/hiciaf01/projects/cdr3/results/2025-11-06_light_chain_changeos//R/count_all_clones/logs/count_all_clones_IGK_mutated_unproductive.err> for stderr output of this job.

