Sender: LSF System <lsfadmin@lg07c05>
Subject: Job 226054605: <count_all_clones_IGK_mutated_productive> in cluster <chimera> Done

Job <count_all_clones_IGK_mutated_productive> was submitted from host <li04e02> by user <hiciaf01> in cluster <chimera> at Fri Jan 16 14:20:43 2026
Job was executed on host(s) <lg07c05>, in queue <express>, as user <hiciaf01> in cluster <chimera> at Fri Jan 16 14:20:44 2026
</hpc/users/hiciaf01> was used as the home directory.
</sc/arion/work/hiciaf01/projects/cdr3/results/2025-11-06_light_chain_changeos> was used as the working directory.
Started at Fri Jan 16 14:20:44 2026
Terminated at Fri Jan 16 14:20:47 2026
Results reported at Fri Jan 16 14:20:47 2026

Your job looked like:

------------------------------------------------------------
# LSBATCH: User input
module load R; Rscript /sc/arion/work/hiciaf01/projects/cdr3/results/2025-11-06_light_chain_changeos//R/count_clones.R all /sc/arion/scratch/hiciaf01/projects/cdr3/data/2025-11-06_light_chain_changeos//changeo/IGK/master_changeo_mutated_500_seqs_filtered_productive.tsv /sc/arion/work/hiciaf01/projects/cdr3/results/2025-11-06_light_chain_changeos//R/count_clones/clone_counts_IGK_mutated_productive.tsv
------------------------------------------------------------

Successfully completed.

Resource usage summary:

    CPU time :                                   1.60 sec.
    Max Memory :                                 15 MB
    Average Memory :                             12.00 MB
    Total Requested Memory :                     16000.00 MB
    Delta Memory :                               15985.00 MB
    Max Swap :                                   -
    Max Processes :                              3
    Max Threads :                                4
    Run time :                                   3 sec.
    Turnaround time :                            4 sec.

The output (if any) follows:



PS:

Read file </sc/arion/work/hiciaf01/projects/cdr3/results/2025-11-06_light_chain_changeos//R/count_all_clones/logs/count_all_clones_IGK_mutated_productive.err> for stderr output of this job.

Sender: LSF System <lsfadmin@lg07c05>
Subject: Job 226054949: <count_all_clones_IGK_mutated_productive> in cluster <chimera> Done

Job <count_all_clones_IGK_mutated_productive> was submitted from host <li04e02> by user <hiciaf01> in cluster <chimera> at Fri Jan 16 14:21:58 2026
Job was executed on host(s) <lg07c05>, in queue <express>, as user <hiciaf01> in cluster <chimera> at Fri Jan 16 14:21:59 2026
</hpc/users/hiciaf01> was used as the home directory.
</sc/arion/work/hiciaf01/projects/cdr3/results/2025-11-06_light_chain_changeos> was used as the working directory.
Started at Fri Jan 16 14:21:59 2026
Terminated at Fri Jan 16 14:22:02 2026
Results reported at Fri Jan 16 14:22:02 2026

Your job looked like:

------------------------------------------------------------
# LSBATCH: User input
module load R; Rscript /sc/arion/work/hiciaf01/projects/cdr3/results/2025-11-06_light_chain_changeos//R/count_clones.R all /sc/arion/scratch/hiciaf01/projects/cdr3/data/2025-11-06_light_chain_changeos//changeo/IGK/master_changeo_mutated_500_seqs_filtered_productive.tsv /sc/arion/work/hiciaf01/projects/cdr3/results/2025-11-06_light_chain_changeos//R/count_all_clones/clone_counts_IGK_mutated_productive.tsv
------------------------------------------------------------

Successfully completed.

Resource usage summary:

    CPU time :                                   1.60 sec.
    Max Memory :                                 15 MB
    Average Memory :                             12.00 MB
    Total Requested Memory :                     16000.00 MB
    Delta Memory :                               15985.00 MB
    Max Swap :                                   -
    Max Processes :                              3
    Max Threads :                                4
    Run time :                                   3 sec.
    Turnaround time :                            4 sec.

The output (if any) follows:



PS:

Read file </sc/arion/work/hiciaf01/projects/cdr3/results/2025-11-06_light_chain_changeos//R/count_all_clones/logs/count_all_clones_IGK_mutated_productive.err> for stderr output of this job.

Sender: LSF System <lsfadmin@lh06c15>
Subject: Job 226055448: <count_all_clones_IGK_mutated_productive> in cluster <chimera> Done

Job <count_all_clones_IGK_mutated_productive> was submitted from host <li04e02> by user <hiciaf01> in cluster <chimera> at Fri Jan 16 14:23:42 2026
Job was executed on host(s) <lh06c15>, in queue <express>, as user <hiciaf01> in cluster <chimera> at Fri Jan 16 14:23:44 2026
</hpc/users/hiciaf01> was used as the home directory.
</sc/arion/work/hiciaf01/projects/cdr3/results/2025-11-06_light_chain_changeos> was used as the working directory.
Started at Fri Jan 16 14:23:44 2026
Terminated at Fri Jan 16 14:29:40 2026
Results reported at Fri Jan 16 14:29:40 2026

Your job looked like:

------------------------------------------------------------
# LSBATCH: User input
module load R; Rscript /sc/arion/work/hiciaf01/projects/cdr3/results/2025-11-06_light_chain_changeos//R/count_clones.R all /sc/arion/scratch/hiciaf01/projects/cdr3/data/2025-11-06_light_chain_changeos//changeo/IGK/master_changeo_mutated_500_seqs_filtered_productive.tsv /sc/arion/work/hiciaf01/projects/cdr3/results/2025-11-06_light_chain_changeos//R/count_all_clones/clone_counts_IGK_mutated_productive.tsv
------------------------------------------------------------

Successfully completed.

Resource usage summary:

    CPU time :                                   353.46 sec.
    Max Memory :                                 10494 MB
    Average Memory :                             5200.74 MB
    Total Requested Memory :                     16000.00 MB
    Delta Memory :                               5506.00 MB
    Max Swap :                                   -
    Max Processes :                              3
    Max Threads :                                5
    Run time :                                   356 sec.
    Turnaround time :                            358 sec.

The output (if any) follows:

[1] "counting"
[1] 3963701


PS:

Read file </sc/arion/work/hiciaf01/projects/cdr3/results/2025-11-06_light_chain_changeos//R/count_all_clones/logs/count_all_clones_IGK_mutated_productive.err> for stderr output of this job.

Sender: LSF System <lsfadmin@lh06c15>
Subject: Job 226056405: <count_all_clones_IGK_mutated_productive> in cluster <chimera> Exited

Job <count_all_clones_IGK_mutated_productive> was submitted from host <li04e02> by user <hiciaf01> in cluster <chimera> at Fri Jan 16 14:33:25 2026
Job was executed on host(s) <lh06c15>, in queue <express>, as user <hiciaf01> in cluster <chimera> at Fri Jan 16 14:33:25 2026
</hpc/users/hiciaf01> was used as the home directory.
</sc/arion/work/hiciaf01/projects/cdr3/results/2025-11-06_light_chain_changeos> was used as the working directory.
Started at Fri Jan 16 14:33:25 2026
Terminated at Fri Jan 16 14:39:18 2026
Results reported at Fri Jan 16 14:39:18 2026

Your job looked like:

------------------------------------------------------------
# LSBATCH: User input
module load R; Rscript /sc/arion/work/hiciaf01/projects/cdr3/results/2025-11-06_light_chain_changeos//R/count_clones.R all /sc/arion/scratch/hiciaf01/projects/cdr3/data/2025-11-06_light_chain_changeos//changeo/IGK/master_changeo_mutated_500_seqs_filtered_productive.tsv /sc/arion/work/hiciaf01/projects/cdr3/results/2025-11-06_light_chain_changeos//R/count_all_clones/clone_counts_IGK_mutated_productive.tsv
------------------------------------------------------------

Exited with exit code 1.

Resource usage summary:

    CPU time :                                   351.25 sec.
    Max Memory :                                 10494 MB
    Average Memory :                             5230.39 MB
    Total Requested Memory :                     16000.00 MB
    Delta Memory :                               5506.00 MB
    Max Swap :                                   -
    Max Processes :                              3
    Max Threads :                                5
    Run time :                                   353 sec.
    Turnaround time :                            353 sec.

The output (if any) follows:

[1] "counting"
[1] 3963701


PS:

Read file </sc/arion/work/hiciaf01/projects/cdr3/results/2025-11-06_light_chain_changeos//R/count_all_clones/logs/count_all_clones_IGK_mutated_productive.err> for stderr output of this job.

