Sender: LSF System <lsfadmin@lg07c08>
Subject: Job 226054612: <count_all_clones_IGK_unmutated_unproductive> in cluster <chimera> Done

Job <count_all_clones_IGK_unmutated_unproductive> was submitted from host <li04e02> by user <hiciaf01> in cluster <chimera> at Fri Jan 16 14:20:44 2026
Job was executed on host(s) <lg07c08>, in queue <express>, as user <hiciaf01> in cluster <chimera> at Fri Jan 16 14:20:44 2026
</hpc/users/hiciaf01> was used as the home directory.
</sc/arion/work/hiciaf01/projects/cdr3/results/2025-11-06_light_chain_changeos> was used as the working directory.
Started at Fri Jan 16 14:20:44 2026
Terminated at Fri Jan 16 14:20:47 2026
Results reported at Fri Jan 16 14:20:47 2026

Your job looked like:

------------------------------------------------------------
# LSBATCH: User input
module load R; Rscript /sc/arion/work/hiciaf01/projects/cdr3/results/2025-11-06_light_chain_changeos//R/count_clones.R all /sc/arion/scratch/hiciaf01/projects/cdr3/data/2025-11-06_light_chain_changeos//changeo/IGK/master_changeo_unmutated_500_seqs_filtered_unproductive.tsv /sc/arion/work/hiciaf01/projects/cdr3/results/2025-11-06_light_chain_changeos//R/count_clones/clone_counts_IGK_unmutated_unproductive.tsv
------------------------------------------------------------

Successfully completed.

Resource usage summary:

    CPU time :                                   1.74 sec.
    Max Memory :                                 15 MB
    Average Memory :                             12.00 MB
    Total Requested Memory :                     16000.00 MB
    Delta Memory :                               15985.00 MB
    Max Swap :                                   -
    Max Processes :                              3
    Max Threads :                                4
    Run time :                                   3 sec.
    Turnaround time :                            3 sec.

The output (if any) follows:



PS:

Read file </sc/arion/work/hiciaf01/projects/cdr3/results/2025-11-06_light_chain_changeos//R/count_all_clones/logs/count_all_clones_IGK_unmutated_unproductive.err> for stderr output of this job.

Sender: LSF System <lsfadmin@lg07c06>
Subject: Job 226054956: <count_all_clones_IGK_unmutated_unproductive> in cluster <chimera> Done

Job <count_all_clones_IGK_unmutated_unproductive> was submitted from host <li04e02> by user <hiciaf01> in cluster <chimera> at Fri Jan 16 14:21:59 2026
Job was executed on host(s) <lg07c06>, in queue <express>, as user <hiciaf01> in cluster <chimera> at Fri Jan 16 14:22:02 2026
</hpc/users/hiciaf01> was used as the home directory.
</sc/arion/work/hiciaf01/projects/cdr3/results/2025-11-06_light_chain_changeos> was used as the working directory.
Started at Fri Jan 16 14:22:02 2026
Terminated at Fri Jan 16 14:22:05 2026
Results reported at Fri Jan 16 14:22:05 2026

Your job looked like:

------------------------------------------------------------
# LSBATCH: User input
module load R; Rscript /sc/arion/work/hiciaf01/projects/cdr3/results/2025-11-06_light_chain_changeos//R/count_clones.R all /sc/arion/scratch/hiciaf01/projects/cdr3/data/2025-11-06_light_chain_changeos//changeo/IGK/master_changeo_unmutated_500_seqs_filtered_unproductive.tsv /sc/arion/work/hiciaf01/projects/cdr3/results/2025-11-06_light_chain_changeos//R/count_all_clones/clone_counts_IGK_unmutated_unproductive.tsv
------------------------------------------------------------

Successfully completed.

Resource usage summary:

    CPU time :                                   1.78 sec.
    Max Memory :                                 22 MB
    Average Memory :                             16.25 MB
    Total Requested Memory :                     16000.00 MB
    Delta Memory :                               15978.00 MB
    Max Swap :                                   -
    Max Processes :                              5
    Max Threads :                                6
    Run time :                                   3 sec.
    Turnaround time :                            6 sec.

The output (if any) follows:



PS:

Read file </sc/arion/work/hiciaf01/projects/cdr3/results/2025-11-06_light_chain_changeos//R/count_all_clones/logs/count_all_clones_IGK_unmutated_unproductive.err> for stderr output of this job.

Sender: LSF System <lsfadmin@lh06c15>
Subject: Job 226055455: <count_all_clones_IGK_unmutated_unproductive> in cluster <chimera> Done

Job <count_all_clones_IGK_unmutated_unproductive> was submitted from host <li04e02> by user <hiciaf01> in cluster <chimera> at Fri Jan 16 14:23:43 2026
Job was executed on host(s) <lh06c15>, in queue <express>, as user <hiciaf01> in cluster <chimera> at Fri Jan 16 14:23:44 2026
</hpc/users/hiciaf01> was used as the home directory.
</sc/arion/work/hiciaf01/projects/cdr3/results/2025-11-06_light_chain_changeos> was used as the working directory.
Started at Fri Jan 16 14:23:44 2026
Terminated at Fri Jan 16 14:23:59 2026
Results reported at Fri Jan 16 14:23:59 2026

Your job looked like:

------------------------------------------------------------
# LSBATCH: User input
module load R; Rscript /sc/arion/work/hiciaf01/projects/cdr3/results/2025-11-06_light_chain_changeos//R/count_clones.R all /sc/arion/scratch/hiciaf01/projects/cdr3/data/2025-11-06_light_chain_changeos//changeo/IGK/master_changeo_unmutated_500_seqs_filtered_unproductive.tsv /sc/arion/work/hiciaf01/projects/cdr3/results/2025-11-06_light_chain_changeos//R/count_all_clones/clone_counts_IGK_unmutated_unproductive.tsv
------------------------------------------------------------

Successfully completed.

Resource usage summary:

    CPU time :                                   14.47 sec.
    Max Memory :                                 406 MB
    Average Memory :                             249.80 MB
    Total Requested Memory :                     16000.00 MB
    Delta Memory :                               15594.00 MB
    Max Swap :                                   -
    Max Processes :                              3
    Max Threads :                                5
    Run time :                                   15 sec.
    Turnaround time :                            16 sec.

The output (if any) follows:

[1] "counting"
[1] 145168


PS:

Read file </sc/arion/work/hiciaf01/projects/cdr3/results/2025-11-06_light_chain_changeos//R/count_all_clones/logs/count_all_clones_IGK_unmutated_unproductive.err> for stderr output of this job.

Sender: LSF System <lsfadmin@lh06c23>
Subject: Job 226056408: <count_all_clones_IGK_unmutated_unproductive> in cluster <chimera> Exited

Job <count_all_clones_IGK_unmutated_unproductive> was submitted from host <li04e02> by user <hiciaf01> in cluster <chimera> at Fri Jan 16 14:33:26 2026
Job was executed on host(s) <lh06c23>, in queue <express>, as user <hiciaf01> in cluster <chimera> at Fri Jan 16 14:33:30 2026
</hpc/users/hiciaf01> was used as the home directory.
</sc/arion/work/hiciaf01/projects/cdr3/results/2025-11-06_light_chain_changeos> was used as the working directory.
Started at Fri Jan 16 14:33:30 2026
Terminated at Fri Jan 16 14:33:45 2026
Results reported at Fri Jan 16 14:33:45 2026

Your job looked like:

------------------------------------------------------------
# LSBATCH: User input
module load R; Rscript /sc/arion/work/hiciaf01/projects/cdr3/results/2025-11-06_light_chain_changeos//R/count_clones.R all /sc/arion/scratch/hiciaf01/projects/cdr3/data/2025-11-06_light_chain_changeos//changeo/IGK/master_changeo_unmutated_500_seqs_filtered_unproductive.tsv /sc/arion/work/hiciaf01/projects/cdr3/results/2025-11-06_light_chain_changeos//R/count_all_clones/clone_counts_IGK_unmutated_unproductive.tsv
------------------------------------------------------------

Exited with exit code 1.

Resource usage summary:

    CPU time :                                   13.77 sec.
    Max Memory :                                 409 MB
    Average Memory :                             241.22 MB
    Total Requested Memory :                     16000.00 MB
    Delta Memory :                               15591.00 MB
    Max Swap :                                   -
    Max Processes :                              3
    Max Threads :                                5
    Run time :                                   15 sec.
    Turnaround time :                            19 sec.

The output (if any) follows:

[1] "counting"
[1] 145168


PS:

Read file </sc/arion/work/hiciaf01/projects/cdr3/results/2025-11-06_light_chain_changeos//R/count_all_clones/logs/count_all_clones_IGK_unmutated_unproductive.err> for stderr output of this job.

