Sender: LSF System <lsfadmin@lg05g29>
Subject: Job 225266626: <process_changeo_IGH> in cluster <chimera> Done

Job <process_changeo_IGH> was submitted from host <li04e02> by user <hiciaf01> in cluster <chimera> at Tue Jan  6 17:09:59 2026
Job was executed on host(s) <6*lg05g29>, in queue <express>, as user <hiciaf01> in cluster <chimera> at Tue Jan  6 17:10:04 2026
</hpc/users/hiciaf01> was used as the home directory.
</sc/arion/work/hiciaf01/projects/cdr3/results/2025-11-06_light_chain_changeos> was used as the working directory.
Started at Tue Jan  6 17:10:04 2026
Terminated at Tue Jan  6 17:11:55 2026
Results reported at Tue Jan  6 17:11:55 2026

Your job looked like:

------------------------------------------------------------
# LSBATCH: User input
python process_changeo.py --changeo /sc/arion/scratch/hiciaf01/projects/cdr3/data/2025-11-06_light_chain_changeos//changeo/master_changeo_2.deheader.tsv --locus IGH --v_identity 100 --j_identity 100 --outfile /sc/arion/work/hiciaf01/projects/cdr3/results/2025-11-06_light_chain_changeos//IGH.tsv
------------------------------------------------------------

Successfully completed.

Resource usage summary:

    CPU time :                                   108.38 sec.
    Max Memory :                                 20572 MB
    Average Memory :                             7049.35 MB
    Total Requested Memory :                     36000.00 MB
    Delta Memory :                               15428.00 MB
    Max Swap :                                   -
    Max Processes :                              3
    Max Threads :                                26
    Run time :                                   111 sec.
    Turnaround time :                            116 sec.

The output (if any) follows:



PS:

Read file <process_changeo_IGH.err> for stderr output of this job.

Sender: LSF System <lsfadmin@lc06e72>
Subject: Job 225266639: <process_changeo_IGH> in cluster <chimera> Done

Job <process_changeo_IGH> was submitted from host <li04e02> by user <hiciaf01> in cluster <chimera> at Tue Jan  6 17:15:12 2026
Job was executed on host(s) <6*lc06e72>, in queue <express>, as user <hiciaf01> in cluster <chimera> at Tue Jan  6 17:15:15 2026
</hpc/users/hiciaf01> was used as the home directory.
</sc/arion/work/hiciaf01/projects/cdr3/results/2025-11-06_light_chain_changeos> was used as the working directory.
Started at Tue Jan  6 17:15:15 2026
Terminated at Tue Jan  6 17:15:17 2026
Results reported at Tue Jan  6 17:15:17 2026

Your job looked like:

------------------------------------------------------------
# LSBATCH: User input
python process_changeo.py --changeo /sc/arion/scratch/hiciaf01/projects/cdr3/data/2025-11-06_light_chain_changeos//changeo/master_changeo_2.deheader.subset.tsv --locus IGH --v_identity 100 --j_identity 100 --outfile /sc/arion/work/hiciaf01/projects/cdr3/results/2025-11-06_light_chain_changeos//IGH.tsv
------------------------------------------------------------

Successfully completed.

Resource usage summary:

    CPU time :                                   1.01 sec.
    Max Memory :                                 14 MB
    Average Memory :                             14.00 MB
    Total Requested Memory :                     36000.00 MB
    Delta Memory :                               35986.00 MB
    Max Swap :                                   -
    Max Processes :                              3
    Max Threads :                                9
    Run time :                                   2 sec.
    Turnaround time :                            5 sec.

The output (if any) follows:



PS:

Read file <process_changeo_IGH.err> for stderr output of this job.

Sender: LSF System <lsfadmin@lc06e02>
Subject: Job 225267247: <process_changeo_IGH> in cluster <chimera> Done

Job <process_changeo_IGH> was submitted from host <li04e02> by user <hiciaf01> in cluster <chimera> at Tue Jan  6 17:17:18 2026
Job was executed on host(s) <6*lc06e02>, in queue <express>, as user <hiciaf01> in cluster <chimera> at Tue Jan  6 17:17:21 2026
</hpc/users/hiciaf01> was used as the home directory.
</sc/arion/work/hiciaf01/projects/cdr3/results/2025-11-06_light_chain_changeos> was used as the working directory.
Started at Tue Jan  6 17:17:21 2026
Terminated at Tue Jan  6 17:17:22 2026
Results reported at Tue Jan  6 17:17:22 2026

Your job looked like:

------------------------------------------------------------
# LSBATCH: User input
python process_changeo.py --changeo /sc/arion/scratch/hiciaf01/projects/cdr3/data/2025-11-06_light_chain_changeos//changeo/master_changeo_2.deheader.subset.tsv --locus IGH --v_identity 100 --j_identity 100 --outfile /sc/arion/work/hiciaf01/projects/cdr3/results/2025-11-06_light_chain_changeos//IGH.tsv
------------------------------------------------------------

Successfully completed.

Resource usage summary:

    CPU time :                                   1.03 sec.
    Max Memory :                                 20 MB
    Average Memory :                             20.00 MB
    Total Requested Memory :                     36000.00 MB
    Delta Memory :                               35980.00 MB
    Max Swap :                                   -
    Max Processes :                              3
    Max Threads :                                9
    Run time :                                   1 sec.
    Turnaround time :                            4 sec.

The output (if any) follows:

  sample_id  ... clone_id
0    RG1083  ...        1
1    RG1083  ...        2
2    RG1083  ...        3
3    RG1083  ...        4

[4 rows x 113 columns]


PS:

Read file <process_changeo_IGH.err> for stderr output of this job.

Sender: LSF System <lsfadmin@lc07e46>
Subject: Job 225267580: <process_changeo_IGH> in cluster <chimera> Exited

Job <process_changeo_IGH> was submitted from host <li04e02> by user <hiciaf01> in cluster <chimera> at Tue Jan  6 17:18:29 2026
Job was executed on host(s) <6*lc07e46>, in queue <express>, as user <hiciaf01> in cluster <chimera> at Tue Jan  6 17:18:31 2026
</hpc/users/hiciaf01> was used as the home directory.
</sc/arion/work/hiciaf01/projects/cdr3/results/2025-11-06_light_chain_changeos> was used as the working directory.
Started at Tue Jan  6 17:18:31 2026
Terminated at Tue Jan  6 17:18:33 2026
Results reported at Tue Jan  6 17:18:33 2026

Your job looked like:

------------------------------------------------------------
# LSBATCH: User input
python process_changeo.py --changeo /sc/arion/scratch/hiciaf01/projects/cdr3/data/2025-11-06_light_chain_changeos//changeo/master_changeo_2.deheader.subset.tsv --locus IGH --v_identity 100 --j_identity 100 --outfile /sc/arion/work/hiciaf01/projects/cdr3/results/2025-11-06_light_chain_changeos//IGH.tsv
------------------------------------------------------------

Exited with exit code 1.

Resource usage summary:

    CPU time :                                   1.05 sec.
    Max Memory :                                 17 MB
    Average Memory :                             14.00 MB
    Total Requested Memory :                     36000.00 MB
    Delta Memory :                               35983.00 MB
    Max Swap :                                   -
    Max Processes :                              3
    Max Threads :                                9
    Run time :                                   2 sec.
    Turnaround time :                            4 sec.

The output (if any) follows:

  sample_id  ... clone_id
0    RG1083  ...        1
1    RG1083  ...        2
2    RG1083  ...        3
3    RG1083  ...        4

[4 rows x 113 columns]


PS:

Read file <process_changeo_IGH.err> for stderr output of this job.

Sender: LSF System <lsfadmin@lc07e46>
Subject: Job 225267901: <process_changeo_IGH> in cluster <chimera> Exited

Job <process_changeo_IGH> was submitted from host <li04e02> by user <hiciaf01> in cluster <chimera> at Tue Jan  6 17:19:37 2026
Job was executed on host(s) <6*lc07e46>, in queue <express>, as user <hiciaf01> in cluster <chimera> at Tue Jan  6 17:19:41 2026
</hpc/users/hiciaf01> was used as the home directory.
</sc/arion/work/hiciaf01/projects/cdr3/results/2025-11-06_light_chain_changeos> was used as the working directory.
Started at Tue Jan  6 17:19:41 2026
Terminated at Tue Jan  6 17:19:42 2026
Results reported at Tue Jan  6 17:19:42 2026

Your job looked like:

------------------------------------------------------------
# LSBATCH: User input
python process_changeo.py --changeo /sc/arion/scratch/hiciaf01/projects/cdr3/data/2025-11-06_light_chain_changeos//changeo/master_changeo_2.deheader.subset.tsv --locus IGH --v_identity 100 --j_identity 100 --outfile /sc/arion/work/hiciaf01/projects/cdr3/results/2025-11-06_light_chain_changeos//IGH.tsv
------------------------------------------------------------

Exited with exit code 1.

Resource usage summary:

    CPU time :                                   1.07 sec.
    Max Memory :                                 21 MB
    Average Memory :                             21.00 MB
    Total Requested Memory :                     36000.00 MB
    Delta Memory :                               35979.00 MB
    Max Swap :                                   -
    Max Processes :                              3
    Max Threads :                                9
    Run time :                                   1 sec.
    Turnaround time :                            5 sec.

The output (if any) follows:

  sample_id  ... clone_id
0    RG1083  ...        1
1    RG1083  ...        2
2    RG1083  ...        3
3    RG1083  ...        4

[4 rows x 113 columns]
  sample_id  ... clone_id
0    RG1083  ...        1
1    RG1083  ...        2
2    RG1083  ...        3
3    RG1083  ...        4

[4 rows x 113 columns]
  sample_id  ... clone_id
0    RG1083  ...        1
1    RG1083  ...        2
2    RG1083  ...        3
3    RG1083  ...        4

[4 rows x 113 columns]


PS:

Read file <process_changeo_IGH.err> for stderr output of this job.

Sender: LSF System <lsfadmin@lg05g29>
Subject: Job 225268911: <process_changeo_IGH> in cluster <chimera> Exited

Job <process_changeo_IGH> was submitted from host <li04e02> by user <hiciaf01> in cluster <chimera> at Tue Jan  6 17:24:42 2026
Job was executed on host(s) <6*lg05g29>, in queue <express>, as user <hiciaf01> in cluster <chimera> at Tue Jan  6 17:24:46 2026
</hpc/users/hiciaf01> was used as the home directory.
</sc/arion/work/hiciaf01/projects/cdr3/results/2025-11-06_light_chain_changeos> was used as the working directory.
Started at Tue Jan  6 17:24:46 2026
Terminated at Tue Jan  6 17:24:49 2026
Results reported at Tue Jan  6 17:24:49 2026

Your job looked like:

------------------------------------------------------------
# LSBATCH: User input
python process_changeo.py --changeo /sc/arion/scratch/hiciaf01/projects/cdr3/data/2025-11-06_light_chain_changeos//changeo/master_changeo_2.deheader.subset.tsv --locus IGH --v_identity 100 --j_identity 100 --outfile /sc/arion/work/hiciaf01/projects/cdr3/results/2025-11-06_light_chain_changeos//IGH.tsv
------------------------------------------------------------

Exited with exit code 1.

Resource usage summary:

    CPU time :                                   1.82 sec.
    Max Memory :                                 66 MB
    Average Memory :                             53.25 MB
    Total Requested Memory :                     36000.00 MB
    Delta Memory :                               35934.00 MB
    Max Swap :                                   -
    Max Processes :                              3
    Max Threads :                                26
    Run time :                                   4 sec.
    Turnaround time :                            7 sec.

The output (if any) follows:

  sample_id  ... clone_id
0    RG1083  ...        1
1    RG1083  ...        2
2    RG1083  ...        3
3    RG1083  ...        4

[4 rows x 113 columns]
  sample_id  ... clone_id
0    RG1083  ...        1
1    RG1083  ...        2
2    RG1083  ...        3
3    RG1083  ...        4

[4 rows x 113 columns]
  sample_id  ... clone_id
0    RG1083  ...        1
1    RG1083  ...        2
2    RG1083  ...        3
3    RG1083  ...        4

[4 rows x 113 columns]


PS:

Read file <process_changeo_IGH.err> for stderr output of this job.

Sender: LSF System <lsfadmin@lc07e58>
Subject: Job 225268947: <process_changeo_IGH> in cluster <chimera> Done

Job <process_changeo_IGH> was submitted from host <li04e02> by user <hiciaf01> in cluster <chimera> at Tue Jan  6 17:27:12 2026
Job was executed on host(s) <6*lc07e58>, in queue <express>, as user <hiciaf01> in cluster <chimera> at Tue Jan  6 17:27:16 2026
</hpc/users/hiciaf01> was used as the home directory.
</sc/arion/work/hiciaf01/projects/cdr3/results/2025-11-06_light_chain_changeos> was used as the working directory.
Started at Tue Jan  6 17:27:16 2026
Terminated at Tue Jan  6 17:27:19 2026
Results reported at Tue Jan  6 17:27:19 2026

Your job looked like:

------------------------------------------------------------
# LSBATCH: User input
python process_changeo.py --changeo /sc/arion/scratch/hiciaf01/projects/cdr3/data/2025-11-06_light_chain_changeos//changeo/master_changeo_2.deheader.subset.tsv --locus IGH --v_identity 100 --j_identity 100 --outfile /sc/arion/work/hiciaf01/projects/cdr3/results/2025-11-06_light_chain_changeos//IGH.tsv
------------------------------------------------------------

Successfully completed.

Resource usage summary:

    CPU time :                                   1.11 sec.
    Max Memory :                                 65 MB
    Average Memory :                             52.75 MB
    Total Requested Memory :                     36000.00 MB
    Delta Memory :                               35935.00 MB
    Max Swap :                                   -
    Max Processes :                              3
    Max Threads :                                26
    Run time :                                   3 sec.
    Turnaround time :                            7 sec.

The output (if any) follows:

  sample_id  ... clone_id
0    RG1083  ...        1
1    RG1083  ...        2
2    RG1083  ...        3
3    RG1083  ...        4

[4 rows x 113 columns]
  sample_id  ... clone_id
0    RG1083  ...        1
1    RG1083  ...        2
2    RG1083  ...        3
3    RG1083  ...        4

[4 rows x 113 columns]
  sample_id  ... clone_id
0    RG1083  ...        1
1    RG1083  ...        2
2    RG1083  ...        3
3    RG1083  ...        4

[4 rows x 113 columns]
  sample_id  ... clone_id
1    RG1083  ...        2
2    RG1083  ...        3

[2 rows x 113 columns]


PS:

Read file <process_changeo_IGH.err> for stderr output of this job.

