Sender: LSF System <lsfadmin@lg05e16>
Subject: Job 225264479: <process_changeo_IGK> in cluster <chimera> Exited

Job <process_changeo_IGK> was submitted from host <li04e03> by user <hiciaf01> in cluster <chimera> at Tue Jan  6 16:50:07 2026
Job was executed on host(s) <6*lg05e16>, in queue <express>, as user <hiciaf01> in cluster <chimera> at Tue Jan  6 16:50:12 2026
</hpc/users/hiciaf01> was used as the home directory.
</sc/arion/work/hiciaf01/projects/cdr3/results/2025-11-06_light_chain_changeos> was used as the working directory.
Started at Tue Jan  6 16:50:12 2026
Terminated at Tue Jan  6 16:50:15 2026
Results reported at Tue Jan  6 16:50:15 2026

Your job looked like:

------------------------------------------------------------
# LSBATCH: User input
python process_changeo.py --changeo /sc/arion/scratch/hiciaf01/projects/cdr3/data/2025-11-06_light_chain_changeos//changeo/master_changeo_2.deheader.tsv --locus IGK --v_identity 100 --j_identity 100 IGK.tsv
------------------------------------------------------------

Exited with exit code 2.

Resource usage summary:

    CPU time :                                   1.30 sec.
    Max Memory :                                 23 MB
    Average Memory :                             20.75 MB
    Total Requested Memory :                     36000.00 MB
    Delta Memory :                               35977.00 MB
    Max Swap :                                   -
    Max Processes :                              3
    Max Threads :                                9
    Run time :                                   3 sec.
    Turnaround time :                            8 sec.

The output (if any) follows:



PS:

Read file <process_changeo_IGK.err> for stderr output of this job.

Sender: LSF System <lsfadmin@lg07c01>
Subject: Job 225264483: <process_changeo_IGK> in cluster <chimera> Done

Job <process_changeo_IGK> was submitted from host <li04e03> by user <hiciaf01> in cluster <chimera> at Tue Jan  6 16:50:53 2026
Job was executed on host(s) <6*lg07c01>, in queue <express>, as user <hiciaf01> in cluster <chimera> at Tue Jan  6 16:50:57 2026
</hpc/users/hiciaf01> was used as the home directory.
</sc/arion/work/hiciaf01/projects/cdr3/results/2025-11-06_light_chain_changeos> was used as the working directory.
Started at Tue Jan  6 16:50:57 2026
Terminated at Tue Jan  6 16:52:45 2026
Results reported at Tue Jan  6 16:52:45 2026

Your job looked like:

------------------------------------------------------------
# LSBATCH: User input
python process_changeo.py --changeo /sc/arion/scratch/hiciaf01/projects/cdr3/data/2025-11-06_light_chain_changeos//changeo/master_changeo_2.deheader.tsv --locus IGK --v_identity 100 --j_identity 100 --outfile IGK.tsv
------------------------------------------------------------

Successfully completed.

Resource usage summary:

    CPU time :                                   105.82 sec.
    Max Memory :                                 19351 MB
    Average Memory :                             6808.87 MB
    Total Requested Memory :                     36000.00 MB
    Delta Memory :                               16649.00 MB
    Max Swap :                                   -
    Max Processes :                              3
    Max Threads :                                26
    Run time :                                   108 sec.
    Turnaround time :                            112 sec.

The output (if any) follows:



PS:

Read file <process_changeo_IGK.err> for stderr output of this job.

Sender: LSF System <lsfadmin@lg05g29>
Subject: Job 225266624: <process_changeo_IGK> in cluster <chimera> Done

Job <process_changeo_IGK> was submitted from host <li04e02> by user <hiciaf01> in cluster <chimera> at Tue Jan  6 17:09:59 2026
Job was executed on host(s) <6*lg05g29>, in queue <express>, as user <hiciaf01> in cluster <chimera> at Tue Jan  6 17:10:04 2026
</hpc/users/hiciaf01> was used as the home directory.
</sc/arion/work/hiciaf01/projects/cdr3/results/2025-11-06_light_chain_changeos> was used as the working directory.
Started at Tue Jan  6 17:10:04 2026
Terminated at Tue Jan  6 17:11:44 2026
Results reported at Tue Jan  6 17:11:44 2026

Your job looked like:

------------------------------------------------------------
# LSBATCH: User input
python process_changeo.py --changeo /sc/arion/scratch/hiciaf01/projects/cdr3/data/2025-11-06_light_chain_changeos//changeo/master_changeo_2.deheader.tsv --locus IGK --v_identity 100 --j_identity 100 --outfile /sc/arion/work/hiciaf01/projects/cdr3/results/2025-11-06_light_chain_changeos//IGK.tsv
------------------------------------------------------------

Successfully completed.

Resource usage summary:

    CPU time :                                   97.34 sec.
    Max Memory :                                 20576 MB
    Average Memory :                             6395.79 MB
    Total Requested Memory :                     36000.00 MB
    Delta Memory :                               15424.00 MB
    Max Swap :                                   -
    Max Processes :                              3
    Max Threads :                                26
    Run time :                                   100 sec.
    Turnaround time :                            105 sec.

The output (if any) follows:



PS:

Read file <process_changeo_IGK.err> for stderr output of this job.

Sender: LSF System <lsfadmin@lg03e01>
Subject: Job 225266637: <process_changeo_IGK> in cluster <chimera> Done

Job <process_changeo_IGK> was submitted from host <li04e02> by user <hiciaf01> in cluster <chimera> at Tue Jan  6 17:15:11 2026
Job was executed on host(s) <6*lg03e01>, in queue <express>, as user <hiciaf01> in cluster <chimera> at Tue Jan  6 17:15:15 2026
</hpc/users/hiciaf01> was used as the home directory.
</sc/arion/work/hiciaf01/projects/cdr3/results/2025-11-06_light_chain_changeos> was used as the working directory.
Started at Tue Jan  6 17:15:15 2026
Terminated at Tue Jan  6 17:15:17 2026
Results reported at Tue Jan  6 17:15:17 2026

Your job looked like:

------------------------------------------------------------
# LSBATCH: User input
python process_changeo.py --changeo /sc/arion/scratch/hiciaf01/projects/cdr3/data/2025-11-06_light_chain_changeos//changeo/master_changeo_2.deheader.subset.tsv --locus IGK --v_identity 100 --j_identity 100 --outfile /sc/arion/work/hiciaf01/projects/cdr3/results/2025-11-06_light_chain_changeos//IGK.tsv
------------------------------------------------------------

Successfully completed.

Resource usage summary:

    CPU time :                                   1.22 sec.
    Max Memory :                                 39 MB
    Average Memory :                             7.00 MB
    Total Requested Memory :                     36000.00 MB
    Delta Memory :                               35961.00 MB
    Max Swap :                                   -
    Max Processes :                              3
    Max Threads :                                10
    Run time :                                   2 sec.
    Turnaround time :                            6 sec.

The output (if any) follows:



PS:

Read file <process_changeo_IGK.err> for stderr output of this job.

Sender: LSF System <lsfadmin@lg03e01>
Subject: Job 225267243: <process_changeo_IGK> in cluster <chimera> Done

Job <process_changeo_IGK> was submitted from host <li04e02> by user <hiciaf01> in cluster <chimera> at Tue Jan  6 17:17:17 2026
Job was executed on host(s) <6*lg03e01>, in queue <express>, as user <hiciaf01> in cluster <chimera> at Tue Jan  6 17:17:21 2026
</hpc/users/hiciaf01> was used as the home directory.
</sc/arion/work/hiciaf01/projects/cdr3/results/2025-11-06_light_chain_changeos> was used as the working directory.
Started at Tue Jan  6 17:17:21 2026
Terminated at Tue Jan  6 17:17:23 2026
Results reported at Tue Jan  6 17:17:23 2026

Your job looked like:

------------------------------------------------------------
# LSBATCH: User input
python process_changeo.py --changeo /sc/arion/scratch/hiciaf01/projects/cdr3/data/2025-11-06_light_chain_changeos//changeo/master_changeo_2.deheader.subset.tsv --locus IGK --v_identity 100 --j_identity 100 --outfile /sc/arion/work/hiciaf01/projects/cdr3/results/2025-11-06_light_chain_changeos//IGK.tsv
------------------------------------------------------------

Successfully completed.

Resource usage summary:

    CPU time :                                   1.25 sec.
    Max Memory :                                 24 MB
    Average Memory :                             8.00 MB
    Total Requested Memory :                     36000.00 MB
    Delta Memory :                               35976.00 MB
    Max Swap :                                   -
    Max Processes :                              3
    Max Threads :                                9
    Run time :                                   2 sec.
    Turnaround time :                            6 sec.

The output (if any) follows:

  sample_id  ... clone_id
0    RG1083  ...        1
1    RG1083  ...        2
2    RG1083  ...        3
3    RG1083  ...        4

[4 rows x 113 columns]


PS:

Read file <process_changeo_IGK.err> for stderr output of this job.

Sender: LSF System <lsfadmin@lg03e01>
Subject: Job 225267576: <process_changeo_IGK> in cluster <chimera> Exited

Job <process_changeo_IGK> was submitted from host <li04e02> by user <hiciaf01> in cluster <chimera> at Tue Jan  6 17:18:28 2026
Job was executed on host(s) <6*lg03e01>, in queue <express>, as user <hiciaf01> in cluster <chimera> at Tue Jan  6 17:18:31 2026
</hpc/users/hiciaf01> was used as the home directory.
</sc/arion/work/hiciaf01/projects/cdr3/results/2025-11-06_light_chain_changeos> was used as the working directory.
Started at Tue Jan  6 17:18:31 2026
Terminated at Tue Jan  6 17:18:33 2026
Results reported at Tue Jan  6 17:18:33 2026

Your job looked like:

------------------------------------------------------------
# LSBATCH: User input
python process_changeo.py --changeo /sc/arion/scratch/hiciaf01/projects/cdr3/data/2025-11-06_light_chain_changeos//changeo/master_changeo_2.deheader.subset.tsv --locus IGK --v_identity 100 --j_identity 100 --outfile /sc/arion/work/hiciaf01/projects/cdr3/results/2025-11-06_light_chain_changeos//IGK.tsv
------------------------------------------------------------

Exited with exit code 1.

Resource usage summary:

    CPU time :                                   1.24 sec.
    Max Memory :                                 27 MB
    Average Memory :                             13.25 MB
    Total Requested Memory :                     36000.00 MB
    Delta Memory :                               35973.00 MB
    Max Swap :                                   -
    Max Processes :                              3
    Max Threads :                                9
    Run time :                                   2 sec.
    Turnaround time :                            5 sec.

The output (if any) follows:

  sample_id  ... clone_id
0    RG1083  ...        1
1    RG1083  ...        2
2    RG1083  ...        3
3    RG1083  ...        4

[4 rows x 113 columns]


PS:

Read file <process_changeo_IGK.err> for stderr output of this job.

Sender: LSF System <lsfadmin@lg03e01>
Subject: Job 225267897: <process_changeo_IGK> in cluster <chimera> Exited

Job <process_changeo_IGK> was submitted from host <li04e02> by user <hiciaf01> in cluster <chimera> at Tue Jan  6 17:19:36 2026
Job was executed on host(s) <6*lg03e01>, in queue <express>, as user <hiciaf01> in cluster <chimera> at Tue Jan  6 17:19:41 2026
</hpc/users/hiciaf01> was used as the home directory.
</sc/arion/work/hiciaf01/projects/cdr3/results/2025-11-06_light_chain_changeos> was used as the working directory.
Started at Tue Jan  6 17:19:41 2026
Terminated at Tue Jan  6 17:19:43 2026
Results reported at Tue Jan  6 17:19:43 2026

Your job looked like:

------------------------------------------------------------
# LSBATCH: User input
python process_changeo.py --changeo /sc/arion/scratch/hiciaf01/projects/cdr3/data/2025-11-06_light_chain_changeos//changeo/master_changeo_2.deheader.subset.tsv --locus IGK --v_identity 100 --j_identity 100 --outfile /sc/arion/work/hiciaf01/projects/cdr3/results/2025-11-06_light_chain_changeos//IGK.tsv
------------------------------------------------------------

Exited with exit code 1.

Resource usage summary:

    CPU time :                                   1.23 sec.
    Max Memory :                                 24 MB
    Average Memory :                             12.50 MB
    Total Requested Memory :                     36000.00 MB
    Delta Memory :                               35976.00 MB
    Max Swap :                                   -
    Max Processes :                              3
    Max Threads :                                9
    Run time :                                   2 sec.
    Turnaround time :                            7 sec.

The output (if any) follows:

  sample_id  ... clone_id
0    RG1083  ...        1
1    RG1083  ...        2
2    RG1083  ...        3
3    RG1083  ...        4

[4 rows x 113 columns]
Empty DataFrame
Columns: [sample_id, sequence_id, sequence, rev_comp, productive, v_call, d_call, j_call, sequence_alignment, germline_alignment, junction, junction_aa, v_cigar, d_cigar, j_cigar, sequence_aa, locus, stop_codon, vj_in_frame, v_frameshift, complete_vdj, d_frame, c_call, sequence_alignment_aa, germline_alignment_aa, v_alignment_start, v_alignment_end, d_alignment_start, d_alignment_end, j_alignment_start, j_alignment_end, c_alignment_start, c_alignment_end, v_sequence_alignment, v_sequence_alignment_aa, v_germline_alignment, v_germline_alignment_aa, d_sequence_alignment, d_sequence_alignment_aa, d_germline_alignment, d_germline_alignment_aa, j_sequence_alignment, j_sequence_alignment_aa, j_germline_alignment, j_germline_alignment_aa, c_sequence_alignment, c_sequence_alignment_aa, c_germline_alignment, c_germline_alignment_aa, fwr1, fwr1_aa, cdr1, cdr1_aa, fwr2, fwr2_aa, cdr2, cdr2_aa, fwr3, fwr3_aa, fwr4, fwr4_aa, cdr3, cdr3_aa, junction_length, junction_aa_length, v_score, d_score, j_score, c_score, c_cigar, v_support, d_support, j_support, c_support, v_identity, d_identity, j_identity, c_identity, v_sequence_start, v_sequence_end, v_germline_start, v_germline_end, d_sequence_start, d_sequence_end, d_germline_start, d_germline_end, j_sequence_start, j_sequence_end, j_germline_start, j_germline_end, c_sequence_start, c_sequence_end, c_germline_start, c_germline_end, fwr1_start, fwr1_end, cdr1_start, cdr1_end, fwr2_start, fwr2_end, ...]
Index: []

[0 rows x 113 columns]
Empty DataFrame
Columns: [sample_id, sequence_id, sequence, rev_comp, productive, v_call, d_call, j_call, sequence_alignment, germline_alignment, junction, junction_aa, v_cigar, d_cigar, j_cigar, sequence_aa, locus, stop_codon, vj_in_frame, v_frameshift, complete_vdj, d_frame, c_call, sequence_alignment_aa, germline_alignment_aa, v_alignment_start, v_alignment_end, d_alignment_start, d_alignment_end, j_alignment_start, j_alignment_end, c_alignment_start, c_alignment_end, v_sequence_alignment, v_sequence_alignment_aa, v_germline_alignment, v_germline_alignment_aa, d_sequence_alignment, d_sequence_alignment_aa, d_germline_alignment, d_germline_alignment_aa, j_sequence_alignment, j_sequence_alignment_aa, j_germline_alignment, j_germline_alignment_aa, c_sequence_alignment, c_sequence_alignment_aa, c_germline_alignment, c_germline_alignment_aa, fwr1, fwr1_aa, cdr1, cdr1_aa, fwr2, fwr2_aa, cdr2, cdr2_aa, fwr3, fwr3_aa, fwr4, fwr4_aa, cdr3, cdr3_aa, junction_length, junction_aa_length, v_score, d_score, j_score, c_score, c_cigar, v_support, d_support, j_support, c_support, v_identity, d_identity, j_identity, c_identity, v_sequence_start, v_sequence_end, v_germline_start, v_germline_end, d_sequence_start, d_sequence_end, d_germline_start, d_germline_end, j_sequence_start, j_sequence_end, j_germline_start, j_germline_end, c_sequence_start, c_sequence_end, c_germline_start, c_germline_end, fwr1_start, fwr1_end, cdr1_start, cdr1_end, fwr2_start, fwr2_end, ...]
Index: []

[0 rows x 113 columns]


PS:

Read file <process_changeo_IGK.err> for stderr output of this job.

Sender: LSF System <lsfadmin@lg06g28>
Subject: Job 225268909: <process_changeo_IGK> in cluster <chimera> Exited

Job <process_changeo_IGK> was submitted from host <li04e02> by user <hiciaf01> in cluster <chimera> at Tue Jan  6 17:24:41 2026
Job was executed on host(s) <6*lg06g28>, in queue <express>, as user <hiciaf01> in cluster <chimera> at Tue Jan  6 17:24:46 2026
</hpc/users/hiciaf01> was used as the home directory.
</sc/arion/work/hiciaf01/projects/cdr3/results/2025-11-06_light_chain_changeos> was used as the working directory.
Started at Tue Jan  6 17:24:46 2026
Terminated at Tue Jan  6 17:24:50 2026
Results reported at Tue Jan  6 17:24:50 2026

Your job looked like:

------------------------------------------------------------
# LSBATCH: User input
python process_changeo.py --changeo /sc/arion/scratch/hiciaf01/projects/cdr3/data/2025-11-06_light_chain_changeos//changeo/master_changeo_2.deheader.subset.tsv --locus IGK --v_identity 100 --j_identity 100 --outfile /sc/arion/work/hiciaf01/projects/cdr3/results/2025-11-06_light_chain_changeos//IGK.tsv
------------------------------------------------------------

Exited with exit code 1.

Resource usage summary:

    CPU time :                                   2.01 sec.
    Max Memory :                                 58 MB
    Average Memory :                             43.75 MB
    Total Requested Memory :                     36000.00 MB
    Delta Memory :                               35942.00 MB
    Max Swap :                                   -
    Max Processes :                              3
    Max Threads :                                26
    Run time :                                   5 sec.
    Turnaround time :                            9 sec.

The output (if any) follows:

  sample_id  ... clone_id
0    RG1083  ...        1
1    RG1083  ...        2
2    RG1083  ...        3
3    RG1083  ...        4

[4 rows x 113 columns]
Empty DataFrame
Columns: [sample_id, sequence_id, sequence, rev_comp, productive, v_call, d_call, j_call, sequence_alignment, germline_alignment, junction, junction_aa, v_cigar, d_cigar, j_cigar, sequence_aa, locus, stop_codon, vj_in_frame, v_frameshift, complete_vdj, d_frame, c_call, sequence_alignment_aa, germline_alignment_aa, v_alignment_start, v_alignment_end, d_alignment_start, d_alignment_end, j_alignment_start, j_alignment_end, c_alignment_start, c_alignment_end, v_sequence_alignment, v_sequence_alignment_aa, v_germline_alignment, v_germline_alignment_aa, d_sequence_alignment, d_sequence_alignment_aa, d_germline_alignment, d_germline_alignment_aa, j_sequence_alignment, j_sequence_alignment_aa, j_germline_alignment, j_germline_alignment_aa, c_sequence_alignment, c_sequence_alignment_aa, c_germline_alignment, c_germline_alignment_aa, fwr1, fwr1_aa, cdr1, cdr1_aa, fwr2, fwr2_aa, cdr2, cdr2_aa, fwr3, fwr3_aa, fwr4, fwr4_aa, cdr3, cdr3_aa, junction_length, junction_aa_length, v_score, d_score, j_score, c_score, c_cigar, v_support, d_support, j_support, c_support, v_identity, d_identity, j_identity, c_identity, v_sequence_start, v_sequence_end, v_germline_start, v_germline_end, d_sequence_start, d_sequence_end, d_germline_start, d_germline_end, j_sequence_start, j_sequence_end, j_germline_start, j_germline_end, c_sequence_start, c_sequence_end, c_germline_start, c_germline_end, fwr1_start, fwr1_end, cdr1_start, cdr1_end, fwr2_start, fwr2_end, ...]
Index: []

[0 rows x 113 columns]
Empty DataFrame
Columns: [sample_id, sequence_id, sequence, rev_comp, productive, v_call, d_call, j_call, sequence_alignment, germline_alignment, junction, junction_aa, v_cigar, d_cigar, j_cigar, sequence_aa, locus, stop_codon, vj_in_frame, v_frameshift, complete_vdj, d_frame, c_call, sequence_alignment_aa, germline_alignment_aa, v_alignment_start, v_alignment_end, d_alignment_start, d_alignment_end, j_alignment_start, j_alignment_end, c_alignment_start, c_alignment_end, v_sequence_alignment, v_sequence_alignment_aa, v_germline_alignment, v_germline_alignment_aa, d_sequence_alignment, d_sequence_alignment_aa, d_germline_alignment, d_germline_alignment_aa, j_sequence_alignment, j_sequence_alignment_aa, j_germline_alignment, j_germline_alignment_aa, c_sequence_alignment, c_sequence_alignment_aa, c_germline_alignment, c_germline_alignment_aa, fwr1, fwr1_aa, cdr1, cdr1_aa, fwr2, fwr2_aa, cdr2, cdr2_aa, fwr3, fwr3_aa, fwr4, fwr4_aa, cdr3, cdr3_aa, junction_length, junction_aa_length, v_score, d_score, j_score, c_score, c_cigar, v_support, d_support, j_support, c_support, v_identity, d_identity, j_identity, c_identity, v_sequence_start, v_sequence_end, v_germline_start, v_germline_end, d_sequence_start, d_sequence_end, d_germline_start, d_germline_end, j_sequence_start, j_sequence_end, j_germline_start, j_germline_end, c_sequence_start, c_sequence_end, c_germline_start, c_germline_end, fwr1_start, fwr1_end, cdr1_start, cdr1_end, fwr2_start, fwr2_end, ...]
Index: []

[0 rows x 113 columns]


PS:

Read file <process_changeo_IGK.err> for stderr output of this job.

Sender: LSF System <lsfadmin@lg05g29>
Subject: Job 225268945: <process_changeo_IGK> in cluster <chimera> Done

Job <process_changeo_IGK> was submitted from host <li04e02> by user <hiciaf01> in cluster <chimera> at Tue Jan  6 17:27:12 2026
Job was executed on host(s) <6*lg05g29>, in queue <express>, as user <hiciaf01> in cluster <chimera> at Tue Jan  6 17:27:16 2026
</hpc/users/hiciaf01> was used as the home directory.
</sc/arion/work/hiciaf01/projects/cdr3/results/2025-11-06_light_chain_changeos> was used as the working directory.
Started at Tue Jan  6 17:27:16 2026
Terminated at Tue Jan  6 17:27:19 2026
Results reported at Tue Jan  6 17:27:19 2026

Your job looked like:

------------------------------------------------------------
# LSBATCH: User input
python process_changeo.py --changeo /sc/arion/scratch/hiciaf01/projects/cdr3/data/2025-11-06_light_chain_changeos//changeo/master_changeo_2.deheader.subset.tsv --locus IGK --v_identity 100 --j_identity 100 --outfile /sc/arion/work/hiciaf01/projects/cdr3/results/2025-11-06_light_chain_changeos//IGK.tsv
------------------------------------------------------------

Successfully completed.

Resource usage summary:

    CPU time :                                   1.40 sec.
    Max Memory :                                 19 MB
    Average Memory :                             18.00 MB
    Total Requested Memory :                     36000.00 MB
    Delta Memory :                               35981.00 MB
    Max Swap :                                   -
    Max Processes :                              3
    Max Threads :                                9
    Run time :                                   3 sec.
    Turnaround time :                            7 sec.

The output (if any) follows:

  sample_id  ... clone_id
0    RG1083  ...        1
1    RG1083  ...        2
2    RG1083  ...        3
3    RG1083  ...        4

[4 rows x 113 columns]
Empty DataFrame
Columns: [sample_id, sequence_id, sequence, rev_comp, productive, v_call, d_call, j_call, sequence_alignment, germline_alignment, junction, junction_aa, v_cigar, d_cigar, j_cigar, sequence_aa, locus, stop_codon, vj_in_frame, v_frameshift, complete_vdj, d_frame, c_call, sequence_alignment_aa, germline_alignment_aa, v_alignment_start, v_alignment_end, d_alignment_start, d_alignment_end, j_alignment_start, j_alignment_end, c_alignment_start, c_alignment_end, v_sequence_alignment, v_sequence_alignment_aa, v_germline_alignment, v_germline_alignment_aa, d_sequence_alignment, d_sequence_alignment_aa, d_germline_alignment, d_germline_alignment_aa, j_sequence_alignment, j_sequence_alignment_aa, j_germline_alignment, j_germline_alignment_aa, c_sequence_alignment, c_sequence_alignment_aa, c_germline_alignment, c_germline_alignment_aa, fwr1, fwr1_aa, cdr1, cdr1_aa, fwr2, fwr2_aa, cdr2, cdr2_aa, fwr3, fwr3_aa, fwr4, fwr4_aa, cdr3, cdr3_aa, junction_length, junction_aa_length, v_score, d_score, j_score, c_score, c_cigar, v_support, d_support, j_support, c_support, v_identity, d_identity, j_identity, c_identity, v_sequence_start, v_sequence_end, v_germline_start, v_germline_end, d_sequence_start, d_sequence_end, d_germline_start, d_germline_end, j_sequence_start, j_sequence_end, j_germline_start, j_germline_end, c_sequence_start, c_sequence_end, c_germline_start, c_germline_end, fwr1_start, fwr1_end, cdr1_start, cdr1_end, fwr2_start, fwr2_end, ...]
Index: []

[0 rows x 113 columns]
Empty DataFrame
Columns: [sample_id, sequence_id, sequence, rev_comp, productive, v_call, d_call, j_call, sequence_alignment, germline_alignment, junction, junction_aa, v_cigar, d_cigar, j_cigar, sequence_aa, locus, stop_codon, vj_in_frame, v_frameshift, complete_vdj, d_frame, c_call, sequence_alignment_aa, germline_alignment_aa, v_alignment_start, v_alignment_end, d_alignment_start, d_alignment_end, j_alignment_start, j_alignment_end, c_alignment_start, c_alignment_end, v_sequence_alignment, v_sequence_alignment_aa, v_germline_alignment, v_germline_alignment_aa, d_sequence_alignment, d_sequence_alignment_aa, d_germline_alignment, d_germline_alignment_aa, j_sequence_alignment, j_sequence_alignment_aa, j_germline_alignment, j_germline_alignment_aa, c_sequence_alignment, c_sequence_alignment_aa, c_germline_alignment, c_germline_alignment_aa, fwr1, fwr1_aa, cdr1, cdr1_aa, fwr2, fwr2_aa, cdr2, cdr2_aa, fwr3, fwr3_aa, fwr4, fwr4_aa, cdr3, cdr3_aa, junction_length, junction_aa_length, v_score, d_score, j_score, c_score, c_cigar, v_support, d_support, j_support, c_support, v_identity, d_identity, j_identity, c_identity, v_sequence_start, v_sequence_end, v_germline_start, v_germline_end, d_sequence_start, d_sequence_end, d_germline_start, d_germline_end, j_sequence_start, j_sequence_end, j_germline_start, j_germline_end, c_sequence_start, c_sequence_end, c_germline_start, c_germline_end, fwr1_start, fwr1_end, cdr1_start, cdr1_end, fwr2_start, fwr2_end, ...]
Index: []

[0 rows x 113 columns]
Empty DataFrame
Columns: [sample_id, sequence_id, sequence, rev_comp, productive, v_call, d_call, j_call, sequence_alignment, germline_alignment, junction, junction_aa, v_cigar, d_cigar, j_cigar, sequence_aa, locus, stop_codon, vj_in_frame, v_frameshift, complete_vdj, d_frame, c_call, sequence_alignment_aa, germline_alignment_aa, v_alignment_start, v_alignment_end, d_alignment_start, d_alignment_end, j_alignment_start, j_alignment_end, c_alignment_start, c_alignment_end, v_sequence_alignment, v_sequence_alignment_aa, v_germline_alignment, v_germline_alignment_aa, d_sequence_alignment, d_sequence_alignment_aa, d_germline_alignment, d_germline_alignment_aa, j_sequence_alignment, j_sequence_alignment_aa, j_germline_alignment, j_germline_alignment_aa, c_sequence_alignment, c_sequence_alignment_aa, c_germline_alignment, c_germline_alignment_aa, fwr1, fwr1_aa, cdr1, cdr1_aa, fwr2, fwr2_aa, cdr2, cdr2_aa, fwr3, fwr3_aa, fwr4, fwr4_aa, cdr3, cdr3_aa, junction_length, junction_aa_length, v_score, d_score, j_score, c_score, c_cigar, v_support, d_support, j_support, c_support, v_identity, d_identity, j_identity, c_identity, v_sequence_start, v_sequence_end, v_germline_start, v_germline_end, d_sequence_start, d_sequence_end, d_germline_start, d_germline_end, j_sequence_start, j_sequence_end, j_germline_start, j_germline_end, c_sequence_start, c_sequence_end, c_germline_start, c_germline_end, fwr1_start, fwr1_end, cdr1_start, cdr1_end, fwr2_start, fwr2_end, ...]
Index: []

[0 rows x 113 columns]


PS:

Read file <process_changeo_IGK.err> for stderr output of this job.

